Component: ARM Compiler 5.06 update 5 (build 528) Tool: armlink [4d35e2]

==============================================================================

Section Cross References

    startup_stm32f103xb.o(RESET) refers to startup_stm32f103xb.o(STACK) for __initial_sp
    startup_stm32f103xb.o(RESET) refers to startup_stm32f103xb.o(.text) for Reset_Handler
    startup_stm32f103xb.o(RESET) refers to stm32f1xx_it.o(i.NMI_Handler) for NMI_Handler
    startup_stm32f103xb.o(RESET) refers to stm32f1xx_it.o(i.HardFault_Handler) for HardFault_Handler
    startup_stm32f103xb.o(RESET) refers to stm32f1xx_it.o(i.MemManage_Handler) for MemManage_Handler
    startup_stm32f103xb.o(RESET) refers to stm32f1xx_it.o(i.BusFault_Handler) for BusFault_Handler
    startup_stm32f103xb.o(RESET) refers to stm32f1xx_it.o(i.UsageFault_Handler) for UsageFault_Handler
    startup_stm32f103xb.o(RESET) refers to stm32f1xx_it.o(i.SVC_Handler) for SVC_Handler
    startup_stm32f103xb.o(RESET) refers to stm32f1xx_it.o(i.DebugMon_Handler) for DebugMon_Handler
    startup_stm32f103xb.o(RESET) refers to stm32f1xx_it.o(i.PendSV_Handler) for PendSV_Handler
    startup_stm32f103xb.o(RESET) refers to stm32f1xx_it.o(i.SysTick_Handler) for SysTick_Handler
    startup_stm32f103xb.o(RESET) refers to stm32f1xx_it.o(i.ADC1_2_IRQHandler) for ADC1_2_IRQHandler
    startup_stm32f103xb.o(RESET) refers to stm32f1xx_it.o(i.TIM2_IRQHandler) for TIM2_IRQHandler
    startup_stm32f103xb.o(RESET) refers to stm32f1xx_it.o(i.USART3_IRQHandler) for USART3_IRQHandler
    startup_stm32f103xb.o(.text) refers to system_stm32f1xx.o(i.SystemInit) for SystemInit
    startup_stm32f103xb.o(.text) refers to entry.o(.ARM.Collect$$$$00000000) for __main
    as5600.o(i.AS5600_GetAngle) refers to fscalb.o(.text) for __ARM_scalbnf
    as5600.o(i.AS5600_GetAngle) refers to fmul.o(.text) for __aeabi_fmul
    as5600.o(i.AS5600_GetOnceAngle) refers to as5600.o(i.AS5600_GetRawAngle) for AS5600_GetRawAngle
    as5600.o(i.AS5600_GetOnceAngle) refers to ffltui.o(.text) for __aeabi_ui2f
    as5600.o(i.AS5600_GetOnceAngle) refers to fscalb.o(.text) for __ARM_scalbnf
    as5600.o(i.AS5600_GetOnceAngle) refers to fmul.o(.text) for __aeabi_fmul
    as5600.o(i.AS5600_GetRawAngle) refers to as5600.o(i._WriteData) for _WriteData
    as5600.o(i.AS5600_GetRawAngle) refers to as5600.o(i._ReadData) for _ReadData
    as5600.o(i.AS5600_Init) refers to as5600.o(i.AS5600_GetRawAngle) for AS5600_GetRawAngle
    as5600.o(i.AS5600_Init) refers to ffltui.o(.text) for __aeabi_ui2f
    as5600.o(i.AS5600_Init) refers to stm32f1xx_hal.o(i.HAL_GetTick) for HAL_GetTick
    as5600.o(i.AS5600_Update) refers to as5600.o(i.AS5600_GetRawAngle) for AS5600_GetRawAngle
    as5600.o(i.AS5600_Update) refers to ffltui.o(.text) for __aeabi_ui2f
    as5600.o(i.AS5600_Update) refers to stm32f1xx_hal.o(i.HAL_GetTick) for HAL_GetTick
    as5600.o(i.AS5600_Update) refers to fdiv.o(.text) for __aeabi_fdiv
    as5600.o(i.AS5600_Update) refers to fscalb.o(.text) for __ARM_scalbnf
    as5600.o(i.AS5600_Update) refers to fmul.o(.text) for __aeabi_fmul
    as5600.o(i.AS5600_Update) refers to fadd.o(.text) for __aeabi_fadd
    as5600.o(i.AS5600_Update) refers to lowpassfilter.o(i.LowPassFilter_Update) for LowPassFilter_Update
    as5600.o(i.AS5600_Update) refers to lowpassfilter.o(.bss) for speedfilter
    as5600.o(i._ReadData) refers to stm32f1xx_hal_i2c.o(i.HAL_I2C_Master_Receive) for HAL_I2C_Master_Receive
    as5600.o(i._WriteData) refers to stm32f1xx_hal_i2c.o(i.HAL_I2C_Master_Transmit) for HAL_I2C_Master_Transmit
    foc.o(i.FOC_Init_Simple) refers to foc.o(i.Pwm_Init) for Pwm_Init
    foc.o(i.FOC_Init_Simple) refers to pid.o(i.PID_init) for PID_init
    foc.o(i.FOC_Init_Simple) refers to lowpassfilter.o(i.LowPassFilter_Init) for LowPassFilter_Init
    foc.o(i.FOC_Init_Simple) refers to as5600.o(i.AS5600_Init) for AS5600_Init
    foc.o(i.FOC_Init_Simple) refers to stm32f1xx_hal.o(i.HAL_Delay) for HAL_Delay
    foc.o(i.FOC_Init_Simple) refers to foc.o(i.setTorque) for setTorque
    foc.o(i.FOC_Init_Simple) refers to as5600.o(i.AS5600_Update) for AS5600_Update
    foc.o(i.FOC_Init_Simple) refers to foc.o(i._electricalAngle) for _electricalAngle
    foc.o(i.FOC_Init_Simple) refers to fadd.o(.text) for __aeabi_fadd
    foc.o(i.FOC_Init_Simple) refers to fdiv.o(.text) for __aeabi_fdiv
    foc.o(i.FOC_Init_Simple) refers to stm32f1xx_hal_tim.o(i.HAL_TIM_Base_Start_IT) for HAL_TIM_Base_Start_IT
    foc.o(i.FOC_Init_Simple) refers to foc.o(.data) for .data
    foc.o(i.FOC_Init_Simple) refers to lowpassfilter.o(.bss) for speedfilter
    foc.o(i.FOC_Init_Simple) refers to i2c.o(.bss) for hi2c1
    foc.o(i.FOC_Init_Simple) refers to as5600.o(.bss) for AngleSensor
    foc.o(i.FOC_Init_Simple) refers to tim.o(.bss) for htim2
    foc.o(i.Pwm_Init) refers to stm32f1xx_hal_tim.o(i.HAL_TIM_PWM_Start) for HAL_TIM_PWM_Start
    foc.o(i.Pwm_Init) refers to tim.o(.bss) for htim1
[...]
    ../mathlib/sin.c                         0x00000000   Number         0  sin_x.o ABSOLUTE
    ../mathlib/sin_i.c                       0x00000000   Number         0  sin_i_x.o ABSOLUTE
    ../mathlib/sin_i.c                       0x00000000   Number         0  sin_i.o ABSOLUTE
    ../mathlib/sqrt.c                        0x00000000   Number         0  sqrt.o ABSOLUTE
    ../mathlib/sqrt.c                        0x00000000   Number         0  sqrt_x.o ABSOLUTE
    ..\Core\Src\FOC.c                        0x00000000   Number         0  foc.o ABSOLUTE
    ..\Core\Src\InlineCurrent.c              0x00000000   Number         0  inlinecurrent.o ABSOLUTE
    ..\Core\Src\LowPassFilter.c              0x00000000   Number         0  lowpassfilter.o ABSOLUTE
    ..\Core\Src\adc.c                        0x00000000   Number         0  adc.o ABSOLUTE
    ..\Core\Src\as5600.c                     0x00000000   Number         0  as5600.o ABSOLUTE
    ..\Core\Src\gpio.c                       0x00000000   Number         0  gpio.o ABSOLUTE
    ..\Core\Src\i2c.c                        0x00000000   Number         0  i2c.o ABSOLUTE
    ..\Core\Src\main.c                       0x00000000   Number         0  main.o ABSOLUTE
    ..\Core\Src\pid.c                        0x00000000   Number         0  pid.o ABSOLUTE
    ..\Core\Src\stm32f1xx_hal_msp.c          0x00000000   Number         0  stm32f1xx_hal_msp.o ABSOLUTE
    ..\Core\Src\stm32f1xx_it.c               0x00000000   Number         0  stm32f1xx_it.o ABSOLUTE
    ..\Core\Src\system_stm32f1xx.c           0x00000000   Number         0  system_stm32f1xx.o ABSOLUTE
    ..\Core\Src\tim.c                        0x00000000   Number         0  tim.o ABSOLUTE
    ..\Core\Src\usart.c                      0x00000000   Number         0  usart.o ABSOLUTE
    ..\Drivers\STM32F1xx_HAL_Driver\Src\stm32f1xx_hal.c 0x00000000   Number         0  stm32f1xx_hal.o ABSOLUTE
    ..\Drivers\STM32F1xx_HAL_Driver\Src\stm32f1xx_hal_adc.c 0x00000000   Number         0  stm32f1xx_hal_adc.o ABSOLUTE
    ..\Drivers\STM32F1xx_HAL_Driver\Src\stm32f1xx_hal_adc_ex.c 0x00000000   Number         0  stm32f1xx_hal_adc_ex.o ABSOLUTE
    ..\Drivers\STM32F1xx_HAL_Driver\Src\stm32f1xx_hal_cortex.c 0x00000000   Number         0  stm32f1xx_hal_cortex.o ABSOLUTE
    ..\Drivers\STM32F1xx_HAL_Driver\Src\stm32f1xx_hal_dma.c 0x00000000   Number         0  stm32f1xx_hal_dma.o ABSOLUTE
    ..\Drivers\STM32F1xx_HAL_Driver\Src\stm32f1xx_hal_exti.c 0x00000000   Number         0  stm32f1xx_hal_exti.o ABSOLUTE
    ..\Drivers\STM32F1xx_HAL_Driver\Src\stm32f1xx_hal_flash.c 0x00000000   Number         0  stm32f1xx_hal_flash.o ABSOLUTE
    ..\Drivers\STM32F1xx_HAL_Driver\Src\stm32f1xx_hal_flash_ex.c 0x00000000   Number         0  stm32f1xx_hal_flash_ex.o ABSOLUTE
    ..\Drivers\STM32F1xx_HAL_Driver\Src\stm32f1xx_hal_gpio.c 0x00000000   Number         0  stm32f1xx_hal_gpio.o ABSOLUTE
    ..\Drivers\STM32F1xx_HAL_Driver\Src\stm32f1xx_hal_gpio_ex.c 0x00000000   Number         0  stm32f1xx_hal_gpio_ex.o ABSOLUTE
    ..\Drivers\STM32F1xx_HAL_Driver\Src\stm32f1xx_hal_i2c.c 0x00000000   Number         0  stm32f1xx_hal_i2c.o ABSOLUTE
    ..\Drivers\STM32F1xx_HAL_Driver\Src\stm32f1xx_hal_pwr.c 0x00000000   Number         0  stm32f1xx_hal_pwr.o ABSOLUTE
    ..\Drivers\STM32F1xx_HAL_Driver\Src\stm32f1xx_hal_rcc.c 0x00000000   Number         0  stm32f1xx_hal_rcc.o ABSOLUTE
    ..\Drivers\STM32F1xx_HAL_Driver\Src\stm32f1xx_hal_rcc_ex.c 0x00000000   Number         0  stm32f1xx_hal_rcc_ex.o ABSOLUTE
    ..\Drivers\STM32F1xx_HAL_Driver\Src\stm32f1xx_hal_tim.c 0x00000000   Number         0  stm32f1xx_hal_tim.o ABSOLUTE
    ..\Drivers\STM32F1xx_HAL_Driver\Src\stm32f1xx_hal_tim_ex.c 0x00000000   Number         0  stm32f1xx_hal_tim_ex.o ABSOLUTE
    ..\Drivers\STM32F1xx_HAL_Driver\Src\stm32f1xx_hal_uart.c 0x00000000   Number         0  stm32f1xx_hal_uart.o ABSOLUTE
    ..\\Core\\Src\\FOC.c                     0x00000000   Number         0  foc.o ABSOLUTE
    ..\\Core\\Src\\InlineCurrent.c           0x00000000   Number         0  inlinecurrent.o ABSOLUTE
    ..\\Core\\Src\\LowPassFilter.c           0x00000000   Number         0  lowpassfilter.o ABSOLUTE
    ..\\Core\\Src\\as5600.c                  0x00000000   Number         0  as5600.o ABSOLUTE
    cdcmple.s                                0x00000000   Number         0  cdcmple.o ABSOLUTE
    cdrcmple.s                               0x00000000   Number         0  cdrcmple.o ABSOLUTE
    cfcmple.s                                0x00000000   Number         0  cfcmple.o ABSOLUTE
    cfrcmple.s                               0x00000000   Number         0  cfrcmple.o ABSOLUTE
    dc.s                                     0x00000000   Number         0  dc.o ABSOLUTE
    handlers.s                               0x00000000   Number         0  handlers.o ABSOLUTE
    init.s                                   0x00000000   Number         0  init.o ABSOLUTE
    startup_stm32f103xb.s                    0x00000000   Number         0  startup_stm32f103xb.o ABSOLUTE
    RESET                                    0x08000000   Section      236  startup_stm32f103xb.o(RESET)
    .ARM.Collect$$$$00000000                 0x080000ec   Section        0  entry.o(.ARM.Collect$$$$00000000)
    .ARM.Collect$$$$00000001                 0x080000ec   Section        4  entry2.o(.ARM.Collect$$$$00000001)
    .ARM.Collect$$$$00000004                 0x080000f0   Section        4  entry5.o(.ARM.Collect$$$$00000004)
    .ARM.Collect$$$$00000008                 0x080000f4   Section        0  entry7b.o(.ARM.Collect$$$$00000008)
    .ARM.Collect$$$$0000000A                 0x080000f4   Section        0  entry8b.o(.ARM.Collect$$$$0000000A)
    .ARM.Collect$$$$0000000B                 0x080000f4   Section        8  entry9a.o(.ARM.Collect$$$$0000000B)
    .ARM.Collect$$$$0000000D                 0x080000fc   Section        0  entry10a.o(.ARM.Collect$$$$0000000D)
    .ARM.Collect$$$$0000000F                 0x080000fc   Section        0  entry11a.o(.ARM.Collect$$$$0000000F)
    .ARM.Collect$$$$00002712                 0x080000fc   Section        4  entry2.o(.ARM.Collect$$$$00002712)
    __lit__00000000                          0x080000fc   Data           4  entry2.o(.ARM.Collect$$$$00002712)
    .text                                    0x08000100   Section       36  startup_stm32f103xb.o(.text)
    .text                                    0x08000124   Section        0  llushr.o(.text)
    .text                                    0x08000144   Section        0  memseta.o(.text)
    .text                                    0x08000168   Section        0  fadd.o(.text)
    .text                                    0x08000218   Section        0  fmul.o(.text)
    .text                                    0x0800027c   Section        0  fdiv.o(.text)
    .text                                    0x080002f8   Section        0  fscalb.o(.text)
    .text                                    0x08000310   Section        0  dadd.o(.text)
    .text                                    0x0800045e   Section        0  dmul.o(.text)
    .text                                    0x08000542   Section        0  ffltui.o(.text)
    .text                                    0x0800054c   Section        0  dfltui.o(.text)
    .text                                    0x08000566   Section        0  ffixui.o(.text)
    .text                                    0x0800058e   Section        0  dfixui.o(.text)
    .text                                    0x080005c0   Section        0  f2d.o(.text)
    .text                                    0x080005e6   Section        0  d2f.o(.text)
    .text                                    0x08000620   Section       20  cfrcmple.o(.text)
    .text                                    0x08000634   Section        0  uidiv.o(.text)
    .text                                    0x08000660   Section        0  uldiv.o(.text)
    .text                                    0x080006c2   Section        0  llshl.o(.text)
    .text                                    0x080006e0   Section        0  llsshr.o(.text)
    .text                                    0x08000704   Section        0  strtod.o(.text)
    _local_sscanf                            0x08000705   Thumb Code    54  strtod.o(.text)
    .text                                    0x080007a0   Section        0  fepilogue.o(.text)
    .text                                    0x080007a0   Section        0  iusefp.o(.text)
    .text                                    0x0800080e   Section        0  depilogue.o(.text)
    .text                                    0x080008c8   Section        0  ddiv.o(.text)
    .text                                    0x080009a6   Section        0  dfixul.o(.text)
    .text                                    0x080009d8   Section       48  cdrcmple.o(.text)
    .text                                    0x08000a08   Section       36  init.o(.text)
    .text                                    0x08000a2c   Section        0  isspace_c.o(.text)
    .text                                    0x08000a38   Section        0  scanf_fp.o(.text)
    _fp_value                                0x08000a39   Thumb Code   296  scanf_fp.o(.text)
    .text                                    0x08000d98   Section        0  _sgetc.o(.text)
    .text                                    0x08000dd8   Section        0  ctype_c.o(.text)
    .text                                    0x08000e00   Section        0  dfltul.o(.text)
    i.ADC1_2_IRQHandler                      0x08000e18   Section        0  stm32f1xx_it.o(i.ADC1_2_IRQHandler)
    i.ADC_ConversionStop_Disable             0x08000e34   Section        0  stm32f1xx_hal_adc.o(i.ADC_ConversionStop_Disable)
    i.ADC_Enable                             0x08000e8c   Section        0  stm32f1xx_hal_adc.o(i.ADC_Enable)
    i.AS5600_GetRawAngle                     0x08000f08   Section        0  as5600.o(i.AS5600_GetRawAngle)
    i.AS5600_Update                          0x08000f34   Section        0  as5600.o(i.AS5600_Update)
    i.BusFault_Handler                       0x08001000   Section        0  stm32f1xx_it.o(i.BusFault_Handler)
    i.DebugMon_Handler                       0x08001002   Section        0  stm32f1xx_it.o(i.DebugMon_Handler)
    i.Error_Handler                          0x08001004   Section        0  main.o(i.Error_Handler)
    i.HAL_ADCEx_Calibration_Start            0x08001008   Section        0  stm32f1xx_hal_adc_ex.o(i.HAL_ADCEx_Calibration_Start)
    i.HAL_ADCEx_InjectedConfigChannel        0x080010e0   Section        0  stm32f1xx_hal_adc_ex.o(i.HAL_ADCEx_InjectedConfigChannel)
    i.HAL_ADCEx_InjectedConvCpltCallback     0x080012bc   Section        0  main.o(i.HAL_ADCEx_InjectedConvCpltCallback)
    i.HAL_ADCEx_InjectedGetValue             0x08001308   Section        0  stm32f1xx_hal_adc_ex.o(i.HAL_ADCEx_InjectedGetValue)
    i.HAL_ADCEx_InjectedStart                0x08001328   Section        0  stm32f1xx_hal_adc_ex.o(i.HAL_ADCEx_InjectedStart)
    i.HAL_ADCEx_InjectedStart_IT             0x080013d0   Section        0  stm32f1xx_hal_adc_ex.o(i.HAL_ADCEx_InjectedStart_IT)
    i.HAL_ADCEx_MultiModeConfigChannel       0x08001484   Section        0  stm32f1xx_hal_adc_ex.o(i.HAL_ADCEx_MultiModeConfigChannel)
    i.HAL_ADC_ConvCpltCallback               0x080014f4   Section        0  stm32f1xx_hal_adc.o(i.HAL_ADC_ConvCpltCallback)
    i.HAL_ADC_IRQHandler                     0x080014f6   Section        0  stm32f1xx_hal_adc.o(i.HAL_ADC_IRQHandler)
    i.HAL_ADC_Init                           0x080015d4   Section        0  stm32f1xx_hal_adc.o(i.HAL_ADC_Init)
    i.HAL_ADC_LevelOutOfWindowCallback       0x080016f0   Section        0  stm32f1xx_hal_adc.o(i.HAL_ADC_LevelOutOfWindowCallback)
    i.HAL_ADC_MspInit                        0x080016f4   Section        0  adc.o(i.HAL_ADC_MspInit)
    i.HAL_DMA_Abort                          0x0800178c   Section        0  stm32f1xx_hal_dma.o(i.HAL_DMA_Abort)
    i.HAL_DMA_Abort_IT                       0x080017d4   Section        0  stm32f1xx_hal_dma.o(i.HAL_DMA_Abort_IT)
    i.HAL_Delay                              0x0800186c   Section        0  stm32f1xx_hal.o(i.HAL_Delay)
    i.HAL_GPIO_Init                          0x08001890   Section        0  stm32f1xx_hal_gpio.o(i.HAL_GPIO_Init)
    i.HAL_GPIO_WritePin                      0x08001a70   Section        0  stm32f1xx_hal_gpio.o(i.HAL_GPIO_WritePin)
    i.HAL_GetTick                            0x08001a7c   Section        0  stm32f1xx_hal.o(i.HAL_GetTick)
    i.HAL_I2C_Init                           0x08001a88   Section        0  stm32f1xx_hal_i2c.o(i.HAL_I2C_Init)
    i.HAL_I2C_Master_Receive                 0x08001c10   Section        0  stm32f1xx_hal_i2c.o(i.HAL_I2C_Master_Receive)
    i.HAL_I2C_Master_Transmit                0x08001e60   Section        0  stm32f1xx_hal_i2c.o(i.HAL_I2C_Master_Transmit)
    i.HAL_I2C_MspInit                        0x08001f8c   Section        0  i2c.o(i.HAL_I2C_MspInit)
    i.HAL_IncTick                            0x08001fe8   Section        0  stm32f1xx_hal.o(i.HAL_IncTick)
    i.HAL_Init                               0x08001ff8   Section        0  stm32f1xx_hal.o(i.HAL_Init)
    i.HAL_InitTick                           0x0800201c   Section        0  stm32f1xx_hal.o(i.HAL_InitTick)
    i.HAL_MspInit                            0x0800205c   Section        0  stm32f1xx_hal_msp.o(i.HAL_MspInit)
    i.HAL_NVIC_EnableIRQ                     0x08002098   Section        0  stm32f1xx_hal_cortex.o(i.HAL_NVIC_EnableIRQ)
    i.HAL_NVIC_SetPriority                   0x080020b4   Section        0  stm32f1xx_hal_cortex.o(i.HAL_NVIC_SetPriority)
    i.HAL_NVIC_SetPriorityGrouping           0x080020f4   Section        0  stm32f1xx_hal_cortex.o(i.HAL_NVIC_SetPriorityGrouping)
    i.HAL_RCCEx_GetPeriphCLKFreq             0x08002118   Section        0  stm32f1xx_hal_rcc_ex.o(i.HAL_RCCEx_GetPeriphCLKFreq)
    i.HAL_RCCEx_PeriphCLKConfig              0x080021bc   Section        0  stm32f1xx_hal_rcc_ex.o(i.HAL_RCCEx_PeriphCLKConfig)
    i.HAL_RCC_ClockConfig                    0x080022a8   Section        0  stm32f1xx_hal_rcc.o(i.HAL_RCC_ClockConfig)
    i.HAL_RCC_GetPCLK1Freq                   0x080023d4   Section        0  stm32f1xx_hal_rcc.o(i.HAL_RCC_GetPCLK1Freq)
    i.HAL_RCC_GetPCLK2Freq                   0x080023f4   Section        0  stm32f1xx_hal_rcc.o(i.HAL_RCC_GetPCLK2Freq)
    i.HAL_RCC_GetSysClockFreq                0x08002414   Section        0  stm32f1xx_hal_rcc.o(i.HAL_RCC_GetSysClockFreq)
    i.HAL_RCC_OscConfig                      0x08002460   Section        0  stm32f1xx_hal_rcc.o(i.HAL_RCC_OscConfig)
    i.HAL_SYSTICK_Config                     0x08002780   Section        0  stm32f1xx_hal_cortex.o(i.HAL_SYSTICK_Config)
    i.HAL_TIMEx_BreakCallback                0x080027a8   Section        0  stm32f1xx_hal_tim_ex.o(i.HAL_TIMEx_BreakCallback)
    i.HAL_TIMEx_CommutCallback               0x080027aa   Section        0  stm32f1xx_hal_tim_ex.o(i.HAL_TIMEx_CommutCallback)
    i.HAL_TIMEx_ConfigBreakDeadTime          0x080027ac   Section        0  stm32f1xx_hal_tim_ex.o(i.HAL_TIMEx_ConfigBreakDeadTime)
    i.HAL_TIMEx_MasterConfigSynchronization  0x08002800   Section        0  stm32f1xx_hal_tim_ex.o(i.HAL_TIMEx_MasterConfigSynchronization)
    i.HAL_TIM_Base_Init                      0x08002868   Section        0  stm32f1xx_hal_tim.o(i.HAL_TIM_Base_Init)
    i.HAL_TIM_Base_MspInit                   0x080028c4   Section        0  tim.o(i.HAL_TIM_Base_MspInit)
    i.HAL_TIM_Base_Start                     0x08002914   Section        0  stm32f1xx_hal_tim.o(i.HAL_TIM_Base_Start)
    i.HAL_TIM_ConfigClockSource              0x08002964   Section        0  stm32f1xx_hal_tim.o(i.HAL_TIM_ConfigClockSource)
    i.HAL_TIM_IC_CaptureCallback             0x08002a40   Section        0  stm32f1xx_hal_tim.o(i.HAL_TIM_IC_CaptureCallback)
    i.HAL_TIM_IRQHandler                     0x08002a42   Section        0  stm32f1xx_hal_tim.o(i.HAL_TIM_IRQHandler)
    i.HAL_TIM_MspPostInit                    0x08002b74   Section        0  tim.o(i.HAL_TIM_MspPostInit)
    i.HAL_TIM_OC_DelayElapsedCallback        0x08002bc0   Section        0  stm32f1xx_hal_tim.o(i.HAL_TIM_OC_DelayElapsedCallback)
    i.HAL_TIM_PWM_ConfigChannel              0x08002bc2   Section        0  stm32f1xx_hal_tim.o(i.HAL_TIM_PWM_ConfigChannel)
    i.HAL_TIM_PWM_Init                       0x08002c8e   Section        0  stm32f1xx_hal_tim.o(i.HAL_TIM_PWM_Init)
    i.HAL_TIM_PWM_MspInit                    0x08002ce8   Section        0  stm32f1xx_hal_tim.o(i.HAL_TIM_PWM_MspInit)
    i.HAL_TIM_PWM_PulseFinishedCallback      0x08002cea   Section        0  stm32f1xx_hal_tim.o(i.HAL_TIM_PWM_PulseFinishedCallback)
    i.HAL_TIM_PWM_Start                      0x08002cec   Section        0  stm32f1xx_hal_tim.o(i.HAL_TIM_PWM_Start)
    i.HAL_TIM_PeriodElapsedCallback          0x08002d88   Section        0  main.o(i.HAL_TIM_PeriodElapsedCallback)
    i.HAL_TIM_TriggerCallback                0x08002da0   Section        0  stm32f1xx_hal_tim.o(i.HAL_TIM_TriggerCallback)
    i.HAL_UARTEx_RxEventCallback             0x08002da2   Section        0  stm32f1xx_hal_uart.o(i.HAL_UARTEx_RxEventCallback)
    i.HAL_UART_ErrorCallback                 0x08002da4   Section        0  stm32f1xx_hal_uart.o(i.HAL_UART_ErrorCallback)
    i.HAL_UART_IRQHandler                    0x08002da8   Section        0  stm32f1xx_hal_uart.o(i.HAL_UART_IRQHandler)
    i.HAL_UART_Init                          0x08003014   Section        0  stm32f1xx_hal_uart.o(i.HAL_UART_Init)
    i.HAL_UART_MspInit                       0x08003078   Section        0  usart.o(i.HAL_UART_MspInit)
    i.HAL_UART_Receive_IT                    0x080030f8   Section        0  stm32f1xx_hal_uart.o(i.HAL_UART_Receive_IT)
    i.HAL_UART_RxCpltCallback                0x08003114   Section        0  main.o(i.HAL_UART_RxCpltCallback)
    i.HAL_UART_Transmit                      0x08003198   Section        0  stm32f1xx_hal_uart.o(i.HAL_UART_Transmit)
    i.HAL_UART_TxCpltCallback                0x08003238   Section        0  stm32f1xx_hal_uart.o(i.HAL_UART_TxCpltCallback)
    i.HardFault_Handler                      0x0800323a   Section        0  stm32f1xx_it.o(i.HardFault_Handler)
    i.I2C_IsAcknowledgeFailed                0x0800323c   Section        0  stm32f1xx_hal_i2c.o(i.I2C_IsAcknowledgeFailed)
    I2C_IsAcknowledgeFailed                  0x0800323d   Thumb Code    46  stm32f1xx_hal_i2c.o(i.I2C_IsAcknowledgeFailed)
    i.I2C_MasterRequestRead                  0x0800326c   Section        0  stm32f1xx_hal_i2c.o(i.I2C_MasterRequestRead)
    I2C_MasterRequestRead                    0x0800326d   Thumb Code   230  stm32f1xx_hal_i2c.o(i.I2C_MasterRequestRead)
    i.I2C_MasterRequestWrite                 0x08003358   Section        0  stm32f1xx_hal_i2c.o(i.I2C_MasterRequestWrite)
    I2C_MasterRequestWrite                   0x08003359   Thumb Code   150  stm32f1xx_hal_i2c.o(i.I2C_MasterRequestWrite)
    i.I2C_WaitOnBTFFlagUntilTimeout          0x080033f4   Section        0  stm32f1xx_hal_i2c.o(i.I2C_WaitOnBTFFlagUntilTimeout)
    I2C_WaitOnBTFFlagUntilTimeout            0x080033f5   Thumb Code    86  stm32f1xx_hal_i2c.o(i.I2C_WaitOnBTFFlagUntilTimeout)
    i.I2C_WaitOnFlagUntilTimeout             0x0800344c   Section        0  stm32f1xx_hal_i2c.o(i.I2C_WaitOnFlagUntilTimeout)
    I2C_WaitOnFlagUntilTimeout               0x0800344d   Thumb Code   144  stm32f1xx_hal_i2c.o(i.I2C_WaitOnFlagUntilTimeout)
    i.I2C_WaitOnMasterAddressFlagUntilTimeout 0x080034dc   Section        0  stm32f1xx_hal_i2c.o(i.I2C_WaitOnMasterAddressFlagUntilTimeout)
    I2C_WaitOnMasterAddressFlagUntilTimeout  0x080034dd   Thumb Code   188  stm32f1xx_hal_i2c.o(i.I2C_WaitOnMasterAddressFlagUntilTimeout)
    i.I2C_WaitOnRXNEFlagUntilTimeout         0x08003598   Section        0  stm32f1xx_hal_i2c.o(i.I2C_WaitOnRXNEFlagUntilTimeout)
    I2C_WaitOnRXNEFlagUntilTimeout           0x08003599   Thumb Code   112  stm32f1xx_hal_i2c.o(i.I2C_WaitOnRXNEFlagUntilTimeout)
    i.I2C_WaitOnTXEFlagUntilTimeout          0x08003608   Section        0  stm32f1xx_hal_i2c.o(i.I2C_WaitOnTXEFlagUntilTimeout)
    I2C_WaitOnTXEFlagUntilTimeout            0x08003609   Thumb Code    86  stm32f1xx_hal_i2c.o(i.I2C_WaitOnTXEFlagUntilTimeout)
    i.InlineCurrent_ADCToVoltage             0x08003660   Section        0  inlinecurrent.o(i.InlineCurrent_ADCToVoltage)
    i.InlineCurrent_CalibrateOffsets         0x08003688   Section        0  inlinecurrent.o(i.InlineCurrent_CalibrateOffsets)
    i.InlineCurrent_GetPhaseCurrents         0x080036fc   Section        0  inlinecurrent.o(i.InlineCurrent_GetPhaseCurrents)
    i.InlineCurrent_Init                     0x08003736   Section        0  inlinecurrent.o(i.InlineCurrent_Init)
    i.LowPassFilter_Update                   0x08003764   Section        0  lowpassfilter.o(i.LowPassFilter_Update)
    i.MX_ADC1_Init                           0x080037e8   Section        0  adc.o(i.MX_ADC1_Init)
    i.MX_ADC2_Init                           0x08003860   Section        0  adc.o(i.MX_ADC2_Init)
    i.MX_GPIO_Init                           0x080038c0   Section        0  gpio.o(i.MX_GPIO_Init)
    i.MX_I2C1_Init                           0x08003958   Section        0  i2c.o(i.MX_I2C1_Init)
    i.MX_TIM1_Init                           0x08003998   Section        0  tim.o(i.MX_TIM1_Init)
    i.MX_TIM2_Init                           0x08003a84   Section        0  tim.o(i.MX_TIM2_Init)
    i.MX_USART3_UART_Init                    0x08003aec   Section        0  usart.o(i.MX_USART3_UART_Init)
    i.MemManage_Handler                      0x08003b24   Section        0  stm32f1xx_it.o(i.MemManage_Handler)
    i.NMI_Handler                            0x08003b26   Section        0  stm32f1xx_it.o(i.NMI_Handler)
    i.PendSV_Handler                         0x08003b28   Section        0  stm32f1xx_it.o(i.PendSV_Handler)
    i.Pwm_Init                               0x08003b2c   Section        0  foc.o(i.Pwm_Init)
    i.SVC_Handler                            0x08003b50   Section        0  stm32f1xx_it.o(i.SVC_Handler)
    i.SysTick_Handler                        0x08003b52   Section        0  stm32f1xx_it.o(i.SysTick_Handler)
    i.SystemClock_Config                     0x08003b56   Section        0  main.o(i.SystemClock_Config)
    i.SystemInit                             0x08003bce   Section        0  system_stm32f1xx.o(i.SystemInit)
    i.TIM2_IRQHandler                        0x08003bd0   Section        0  stm32f1xx_it.o(i.TIM2_IRQHandler)
    i.TIM_Base_SetConfig                     0x08003bdc   Section        0  stm32f1xx_hal_tim.o(i.TIM_Base_SetConfig)
    i.TIM_CCxChannelCmd                      0x08003c54   Section        0  stm32f1xx_hal_tim.o(i.TIM_CCxChannelCmd)
    i.TIM_ETR_SetConfig                      0x08003c6e   Section        0  stm32f1xx_hal_tim.o(i.TIM_ETR_SetConfig)
    i.TIM_ITRx_SetConfig                     0x08003c82   Section        0  stm32f1xx_hal_tim.o(i.TIM_ITRx_SetConfig)
    TIM_ITRx_SetConfig                       0x08003c83   Thumb Code    16  stm32f1xx_hal_tim.o(i.TIM_ITRx_SetConfig)
    i.TIM_OC1_SetConfig                      0x08003c94   Section        0  stm32f1xx_hal_tim.o(i.TIM_OC1_SetConfig)
    TIM_OC1_SetConfig                        0x08003c95   Thumb Code    74  stm32f1xx_hal_tim.o(i.TIM_OC1_SetConfig)
    i.TIM_OC2_SetConfig                      0x08003ce4   Section        0  stm32f1xx_hal_tim.o(i.TIM_OC2_SetConfig)
    i.TIM_OC3_SetConfig                      0x08003d3c   Section        0  stm32f1xx_hal_tim.o(i.TIM_OC3_SetConfig)
    TIM_OC3_SetConfig                        0x08003d3d   Thumb Code    82  stm32f1xx_hal_tim.o(i.TIM_OC3_SetConfig)
    i.TIM_OC4_SetConfig                      0x08003d94   Section        0  stm32f1xx_hal_tim.o(i.TIM_OC4_SetConfig)
    TIM_OC4_SetConfig                        0x08003d95   Thumb Code    64  stm32f1xx_hal_tim.o(i.TIM_OC4_SetConfig)
    i.TIM_TI1_ConfigInputStage               0x08003dd8   Section        0  stm32f1xx_hal_tim.o(i.TIM_TI1_ConfigInputStage)
    TIM_TI1_ConfigInputStage                 0x08003dd9   Thumb Code    34  stm32f1xx_hal_tim.o(i.TIM_TI1_ConfigInputStage)
    i.TIM_TI2_ConfigInputStage               0x08003dfa   Section        0  stm32f1xx_hal_tim.o(i.TIM_TI2_ConfigInputStage)
    TIM_TI2_ConfigInputStage                 0x08003dfb   Thumb Code    36  stm32f1xx_hal_tim.o(i.TIM_TI2_ConfigInputStage)
    i.UART_DMAAbortOnError                   0x08003e1e   Section        0  stm32f1xx_hal_uart.o(i.UART_DMAAbortOnError)
    UART_DMAAbortOnError                     0x08003e1f   Thumb Code    16  stm32f1xx_hal_uart.o(i.UART_DMAAbortOnError)
    i.UART_EndRxTransfer                     0x08003e2e   Section        0  stm32f1xx_hal_uart.o(i.UART_EndRxTransfer)
    UART_EndRxTransfer                       0x08003e2f   Thumb Code    78  stm32f1xx_hal_uart.o(i.UART_EndRxTransfer)
    i.UART_Receive_IT                        0x08003e7c   Section        0  stm32f1xx_hal_uart.o(i.UART_Receive_IT)
    UART_Receive_IT                          0x08003e7d   Thumb Code   194  stm32f1xx_hal_uart.o(i.UART_Receive_IT)
    i.UART_SetConfig                         0x08003f40   Section        0  stm32f1xx_hal_uart.o(i.UART_SetConfig)
    UART_SetConfig                           0x08003f41   Thumb Code   178  stm32f1xx_hal_uart.o(i.UART_SetConfig)
    i.UART_Start_Receive_IT                  0x08003ff8   Section        0  stm32f1xx_hal_uart.o(i.UART_Start_Receive_IT)
    i.UART_WaitOnFlagUntilTimeout            0x0800402e   Section        0  stm32f1xx_hal_uart.o(i.UART_WaitOnFlagUntilTimeout)
    UART_WaitOnFlagUntilTimeout              0x0800402f   Thumb Code   114  stm32f1xx_hal_uart.o(i.UART_WaitOnFlagUntilTimeout)
    i.USART3_IRQHandler                      0x080040a0   Section        0  stm32f1xx_it.o(i.USART3_IRQHandler)
    i.UsageFault_Handler                     0x080040ac   Section        0  stm32f1xx_it.o(i.UsageFault_Handler)
    i._ReadData                              0x080040ae   Section        0  as5600.o(i._ReadData)
    i._WriteData                             0x080040c0   Section        0  as5600.o(i._WriteData)
    i.__0printf                              0x080040d0   Section        0  printfa.o(i.__0printf)
    i.__NVIC_SetPriority                     0x080040f0   Section        0  stm32f1xx_hal_cortex.o(i.__NVIC_SetPriority)
    __NVIC_SetPriority                       0x080040f1   Thumb Code    32  stm32f1xx_hal_cortex.o(i.__NVIC_SetPriority)
    i.__read_errno                           0x08004110   Section        0  errno.o(i.__read_errno)
    i.__scatterload_copy                     0x0800411c   Section       14  handlers.o(i.__scatterload_copy)
    i.__scatterload_null                     0x0800412a   Section        2  handlers.o(i.__scatterload_null)
    i.__scatterload_zeroinit                 0x0800412c   Section       14  handlers.o(i.__scatterload_zeroinit)
    i.__set_errno                            0x0800413c   Section        0  errno.o(i.__set_errno)
    i._fp_digits                             0x08004148   Section        0  printfa.o(i._fp_digits)
    _fp_digits                               0x08004149   Thumb Code   366  printfa.o(i._fp_digits)
    i._is_digit                              0x080042cc   Section        0  scanf_fp.o(i._is_digit)
    i._printf_core                           0x080042dc   Section        0  printfa.o(i._printf_core)
    _printf_core                             0x080042dd   Thumb Code  1744  printfa.o(i._printf_core)
    i._printf_post_padding                   0x080049b8   Section        0  printfa.o(i._printf_post_padding)
    _printf_post_padding                     0x080049b9   Thumb Code    36  printfa.o(i._printf_post_padding)
    i._printf_pre_padding                    0x080049dc   Section        0  printfa.o(i._printf_pre_padding)
    _printf_pre_padding                      0x080049dd   Thumb Code    46  printfa.o(i._printf_pre_padding)
    i.atof                                   0x08004a0a   Section        0  atof.o(i.atof)
    i.fputc                                  0x08004a34   Section        0  main.o(i.fputc)
    i.main                                   0x08004a4c   Section        0  main.o(i.main)
    i.quick_phase_test                       0x08004b64   Section        0  main.o(i.quick_phase_test)
    i.setPwm                                 0x08004ce0   Section        0  foc.o(i.setPwm)
    .constdata                               0x08004ddc   Section       18  stm32f1xx_hal_rcc.o(.constdata)
    aPredivFactorTable                       0x08004ddc   Data           2  stm32f1xx_hal_rcc.o(.constdata)
    aPLLMULFactorTable                       0x08004dde   Data          16  stm32f1xx_hal_rcc.o(.constdata)
    .constdata                               0x08004dee   Section       18  stm32f1xx_hal_rcc_ex.o(.constdata)
    aPredivFactorTable                       0x08004dee   Data           2  stm32f1xx_hal_rcc_ex.o(.constdata)
    aPLLMULFactorTable                       0x08004df0   Data          16  stm32f1xx_hal_rcc_ex.o(.constdata)
    .constdata                               0x08004e00   Section       16  system_stm32f1xx.o(.constdata)
    .constdata                               0x08004e10   Section        8  system_stm32f1xx.o(.constdata)
    .constdata                               0x08004e18   Section       64  ctype_c.o(.constdata)
    .data                                    0x20000000   Section       48  foc.o(.data)
    .data                                    0x20000030   Section        4  foc.o(.data)
    .data                                    0x20000034   Section        2  main.o(.data)
    rx_index                                 0x20000034   Data           1  main.o(.data)
    .data                                    0x20000038   Section       12  stm32f1xx_hal.o(.data)
    .data                                    0x20000044   Section        4  system_stm32f1xx.o(.data)
    .data                                    0x20000048   Section        4  stdout.o(.data)
    .data                                    0x2000004c   Section        4  errno.o(.data)
    _errno                                   0x2000004c   Data           4  errno.o(.data)
    .bss                                     0x20000050   Section       24  as5600.o(.bss)
    .bss                                     0x20000068   Section       12  lowpassfilter.o(.bss)
    .bss                                     0x20000074   Section       76  main.o(.bss)
    .bss                                     0x200000c0   Section       96  adc.o(.bss)
    .bss                                     0x20000120   Section       84  i2c.o(.bss)
    .bss                                     0x20000174   Section      144  tim.o(.bss)
    .bss                                     0x20000204   Section       72  usart.o(.bss)
    STACK                                    0x20000250   Section     1024  startup_stm32f103xb.o(STACK)

    Global Symbols

    Symbol Name                              Value     Ov Type        Size  Object(Section)

    BuildAttributes$$THM_ISAv4$P$D$K$B$S$PE$A:L22UL41UL21$X:L11$S22US41US21$IEEE1$IW$USESV6$~STKCKD$USESV7$~SHL$OTIME$ROPI$IEEEX$EBA8$MICROLIB$REQ8$PRES8$EABIv2 0x00000000   Number         0  anon$$obj.o ABSOLUTE
    __ARM_use_no_argv                        0x00000000   Number         0  main.o ABSOLUTE
    _printf_a                                0x00000000   Number         0  stubs.o ABSOLUTE
    _printf_c                                0x00000000   Number         0  stubs.o ABSOLUTE
    _printf_charcount                        0x00000000   Number         0  stubs.o ABSOLUTE
    _printf_d                                0x00000000   Number         0  stubs.o ABSOLUTE
    _printf_e                                0x00000000   Number         0  stubs.o ABSOLUTE
    _printf_f                                0x00000000   Number         0  stubs.o ABSOLUTE
    _printf_flags                            0x00000000   Number         0  stubs.o ABSOLUTE
    _printf_fp_dec                           0x00000000   Number         0  stubs.o ABSOLUTE
    _printf_fp_hex                           0x00000000   Number         0  stubs.o ABSOLUTE
    _printf_g                                0x00000000   Number         0  stubs.o ABSOLUTE
    _printf_i                                0x00000000   Number         0  stubs.o ABSOLUTE
    _printf_int_dec                          0x00000000   Number         0  stubs.o ABSOLUTE
    _printf_l                                0x00000000   Number         0  stubs.o ABSOLUTE
    _printf_lc                               0x00000000   Number         0  stubs.o ABSOLUTE
    _printf_ll                               0x00000000   Number         0  stubs.o ABSOLUTE
    _printf_lld                              0x00000000   Number         0  stubs.o ABSOLUTE
    _printf_lli                              0x00000000   Number         0  stubs.o ABSOLUTE
    _printf_llo                              0x00000000   Number         0  stubs.o ABSOLUTE
    _printf_llu                              0x00000000   Number         0  stubs.o ABSOLUTE
    _printf_llx                              0x00000000   Number         0  stubs.o ABSOLUTE
    _printf_longlong_dec                     0x00000000   Number         0  stubs.o ABSOLUTE
    _printf_longlong_hex                     0x00000000   Number         0  stubs.o ABSOLUTE
    _printf_longlong_oct                     0x00000000   Number         0  stubs.o ABSOLUTE
    _printf_ls                               0x00000000   Number         0  stubs.o ABSOLUTE
    _printf_mbtowc                           0x00000000   Number         0  stubs.o ABSOLUTE
    _printf_n                                0x00000000   Number         0  stubs.o ABSOLUTE
    _printf_o                                0x00000000   Number         0  stubs.o ABSOLUTE
    _printf_p                                0x00000000   Number         0  stubs.o ABSOLUTE
    _printf_percent                          0x00000000   Number         0  stubs.o ABSOLUTE
    _printf_pre_padding                      0x00000000   Number         0  stubs.o ABSOLUTE
    _printf_return_value                     0x00000000   Number         0  stubs.o ABSOLUTE
    _printf_s                                0x00000000   Number         0  stubs.o ABSOLUTE
    _printf_sizespec                         0x00000000   Number         0  stubs.o ABSOLUTE
    _printf_str                              0x00000000   Number         0  stubs.o ABSOLUTE
    _printf_truncate_signed                  0x00000000   Number         0  stubs.o ABSOLUTE
    _printf_truncate_unsigned                0x00000000   Number         0  stubs.o ABSOLUTE
    _printf_u                                0x00000000   Number         0  stubs.o ABSOLUTE
    _printf_wc                               0x00000000   Number         0  stubs.o ABSOLUTE
    _printf_wctomb                           0x00000000   Number         0  stubs.o ABSOLUTE
    _printf_widthprec                        0x00000000   Number         0  stubs.o ABSOLUTE
    _printf_x                                0x00000000   Number         0  stubs.o ABSOLUTE
    __cpp_initialize__aeabi_                  - Undefined Weak Reference
    __cxa_finalize                            - Undefined Weak Reference
    __decompress                              - Undefined Weak Reference
    _clock_init                               - Undefined Weak Reference
    _microlib_exit                            - Undefined Weak Reference
    __Vectors_Size                           0x000000ec   Number         0  startup_stm32f103xb.o ABSOLUTE
    __Vectors                                0x08000000   Data           4  startup_stm32f103xb.o(RESET)
    __Vectors_End                            0x080000ec   Data           0  startup_stm32f103xb.o(RESET)
    __main                                   0x080000ed   Thumb Code     0  entry.o(.ARM.Collect$$$$00000000)
    _main_stk                                0x080000ed   Thumb Code     0  entry2.o(.ARM.Collect$$$$00000001)
    _main_scatterload                        0x080000f1   Thumb Code     0  entry5.o(.ARM.Collect$$$$00000004)
    __main_after_scatterload                 0x080000f5   Thumb Code     0  entry5.o(.ARM.Collect$$$$00000004)
    _main_clock                              0x080000f5   Thumb Code     0  entry7b.o(.ARM.Collect$$$$00000008)
    _main_cpp_init                           0x080000f5   Thumb Code     0  entry8b.o(.ARM.Collect$$$$0000000A)
    _main_init                               0x080000f5   Thumb Code     0  entry9a.o(.ARM.Collect$$$$0000000B)
    __rt_final_cpp                           0x080000fd   Thumb Code     0  entry10a.o(.ARM.Collect$$$$0000000D)
    __rt_final_exit                          0x080000fd   Thumb Code     0  entry11a.o(.ARM.Collect$$$$0000000F)
    Reset_Handler                            0x08000101   Thumb Code     8  startup_stm32f103xb.o(.text)
    CAN1_RX1_IRQHandler                      0x0800011b   Thumb Code     0  startup_stm32f103xb.o(.text)
    CAN1_SCE_IRQHandler                      0x0800011b   Thumb Code     0  startup_stm32f103xb.o(.text)
    DMA1_Channel1_IRQHandler                 0x0800011b   Thumb Code     0  startup_stm32f103xb.o(.text)
    DMA1_Channel2_IRQHandler                 0x0800011b   Thumb Code     0  startup_stm32f103xb.o(.text)
    DMA1_Channel3_IRQHandler                 0x0800011b   Thumb Code     0  startup_stm32f103xb.o(.text)
    DMA1_Channel4_IRQHandler                 0x0800011b   Thumb Code     0  startup_stm32f103xb.o(.text)
    DMA1_Channel5_IRQHandler                 0x0800011b   Thumb Code     0  startup_stm32f103xb.o(.text)
    DMA1_Channel6_IRQHandler                 0x0800011b   Thumb Code     0  startup_stm32f103xb.o(.text)
    DMA1_Channel7_IRQHandler                 0x0800011b   Thumb Code     0  startup_stm32f103xb.o(.text)
    EXTI0_IRQHandler                         0x0800011b   Thumb Code     0  startup_stm32f103xb.o(.text)
    EXTI15_10_IRQHandler                     0x0800011b   Thumb Code     0  startup_stm32f103xb.o(.text)
    EXTI1_IRQHandler                         0x0800011b   Thumb Code     0  startup_stm32f103xb.o(.text)
    EXTI2_IRQHandler                         0x0800011b   Thumb Code     0  startup_stm32f103xb.o(.text)
    EXTI3_IRQHandler                         0x0800011b   Thumb Code     0  startup_stm32f103xb.o(.text)
    EXTI4_IRQHandler                         0x0800011b   Thumb Code     0  startup_stm32f103xb.o(.text)
    EXTI9_5_IRQHandler                       0x0800011b   Thumb Code     0  startup_stm32f103xb.o(.text)
    FLASH_IRQHandler                         0x0800011b   Thumb Code     0  startup_stm32f103xb.o(.text)
    I2C1_ER_IRQHandler                       0x0800011b   Thumb Code     0  startup_stm32f103xb.o(.text)
    I2C1_EV_IRQHandler                       0x0800011b   Thumb Code     0  startup_stm32f103xb.o(.text)
    I2C2_ER_IRQHandler                       0x0800011b   Thumb Code     0  startup_stm32f103xb.o(.text)
    I2C2_EV_IRQHandler                       0x0800011b   Thumb Code     0  startup_stm32f103xb.o(.text)
    PVD_IRQHandler                           0x0800011b   Thumb Code     0  startup_stm32f103xb.o(.text)
    RCC_IRQHandler                           0x0800011b   Thumb Code     0  startup_stm32f103xb.o(.text)
    RTC_Alarm_IRQHandler                     0x0800011b   Thumb Code     0  startup_stm32f103xb.o(.text)
    RTC_IRQHandler                           0x0800011b   Thumb Code     0  startup_stm32f103xb.o(.text)
    SPI1_IRQHandler                          0x0800011b   Thumb Code     0  startup_stm32f103xb.o(.text)
    SPI2_IRQHandler                          0x0800011b   Thumb Code     0  startup_stm32f103xb.o(.text)
    TAMPER_IRQHandler                        0x0800011b   Thumb Code     0  startup_stm32f103xb.o(.text)
    TIM1_BRK_IRQHandler                      0x0800011b   Thumb Code     0  startup_stm32f103xb.o(.text)
    TIM1_CC_IRQHandler                       0x0800011b   Thumb Code     0  startup_stm32f103xb.o(.text)
    TIM1_TRG_COM_IRQHandler                  0x0800011b   Thumb Code     0  startup_stm32f103xb.o(.text)
    TIM1_UP_IRQHandler                       0x0800011b   Thumb Code     0  startup_stm32f103xb.o(.text)
    TIM3_IRQHandler                          0x0800011b   Thumb Code     0  startup_stm32f103xb.o(.text)
    TIM4_IRQHandler                          0x0800011b   Thumb Code     0  startup_stm32f103xb.o(.text)
    USART1_IRQHandler                        0x0800011b   Thumb Code     0  startup_stm32f103xb.o(.text)
    USART2_IRQHandler                        0x0800011b   Thumb Code     0  startup_stm32f103xb.o(.text)
    USBWakeUp_IRQHandler                     0x0800011b   Thumb Code     0  startup_stm32f103xb.o(.text)
    USB_HP_CAN1_TX_IRQHandler                0x0800011b   Thumb Code     0  startup_stm32f103xb.o(.text)
    USB_LP_CAN1_RX0_IRQHandler               0x0800011b   Thumb Code     0  startup_stm32f103xb.o(.text)
    WWDG_IRQHandler                          0x0800011b   Thumb Code     0  startup_stm32f103xb.o(.text)
    __aeabi_llsr                             0x08000125   Thumb Code    32  llushr.o(.text)
    _ll_ushift_r                             0x08000125   Thumb Code     0  llushr.o(.text)
    __aeabi_memset                           0x08000145   Thumb Code    14  memseta.o(.text)
    __aeabi_memset4                          0x08000145   Thumb Code     0  memseta.o(.text)
    __aeabi_memset8                          0x08000145   Thumb Code     0  memseta.o(.text)
    __aeabi_memclr                           0x08000153   Thumb Code     4  memseta.o(.text)
    __aeabi_memclr4                          0x08000153   Thumb Code     0  memseta.o(.text)
    __aeabi_memclr8                          0x08000153   Thumb Code     0  memseta.o(.text)
    _memset$wrapper                          0x08000157   Thumb Code    18  memseta.o(.text)
    __aeabi_fadd                             0x08000169   Thumb Code   164  fadd.o(.text)
    __aeabi_fsub                             0x0800020d   Thumb Code     6  fadd.o(.text)
    __aeabi_frsub                            0x08000213   Thumb Code     6  fadd.o(.text)
    __aeabi_fmul                             0x08000219   Thumb Code   100  fmul.o(.text)
    __aeabi_fdiv                             0x0800027d   Thumb Code   124  fdiv.o(.text)
    __ARM_scalbnf                            0x080002f9   Thumb Code    24  fscalb.o(.text)
    scalbnf                                  0x080002f9   Thumb Code     0  fscalb.o(.text)
    __aeabi_dadd                             0x08000311   Thumb Code   322  dadd.o(.text)
    __aeabi_dsub                             0x08000453   Thumb Code     6  dadd.o(.text)
    __aeabi_drsub                            0x08000459   Thumb Code     6  dadd.o(.text)
    __aeabi_dmul                             0x0800045f   Thumb Code   228  dmul.o(.text)
    __aeabi_ui2f                             0x08000543   Thumb Code    10  ffltui.o(.text)
    __aeabi_ui2d                             0x0800054d   Thumb Code    26  dfltui.o(.text)
    __aeabi_f2uiz                            0x08000567   Thumb Code    40  ffixui.o(.text)
    __aeabi_d2uiz                            0x0800058f   Thumb Code    50  dfixui.o(.text)
    __aeabi_f2d                              0x080005c1   Thumb Code    38  f2d.o(.text)
    __aeabi_d2f                              0x080005e7   Thumb Code    56  d2f.o(.text)
    __aeabi_cfrcmple                         0x08000621   Thumb Code    20  cfrcmple.o(.text)
    __aeabi_uidiv                            0x08000635   Thumb Code     0  uidiv.o(.text)
    __aeabi_uidivmod                         0x08000635   Thumb Code    44  uidiv.o(.text)
    __aeabi_uldivmod                         0x08000661   Thumb Code    98  uldiv.o(.text)
    __aeabi_llsl                             0x080006c3   Thumb Code    30  llshl.o(.text)
    _ll_shift_l                              0x080006c3   Thumb Code     0  llshl.o(.text)
    __aeabi_lasr                             0x080006e1   Thumb Code    36  llsshr.o(.text)
    _ll_sshift_r                             0x080006e1   Thumb Code     0  llsshr.o(.text)
    __strtod_int                             0x0800073b   Thumb Code    90  strtod.o(.text)
    __I$use$fp                               0x080007a1   Thumb Code     0  iusefp.o(.text)
    _float_round                             0x080007a1   Thumb Code    18  fepilogue.o(.text)
    _float_epilogue                          0x080007b3   Thumb Code    92  fepilogue.o(.text)
    _double_round                            0x0800080f   Thumb Code    30  depilogue.o(.text)
    _double_epilogue                         0x0800082d   Thumb Code   156  depilogue.o(.text)
    __aeabi_ddiv                             0x080008c9   Thumb Code   222  ddiv.o(.text)
    __aeabi_d2ulz                            0x080009a7   Thumb Code    48  dfixul.o(.text)
    __aeabi_cdrcmple                         0x080009d9   Thumb Code    48  cdrcmple.o(.text)
    __scatterload                            0x08000a09   Thumb Code    28  init.o(.text)
    __scatterload_rt2                        0x08000a09   Thumb Code     0  init.o(.text)
    isspace                                  0x08000a2d   Thumb Code    10  isspace_c.o(.text)
    _scanf_real                              0x08000b61   Thumb Code     0  scanf_fp.o(.text)
    _scanf_really_real                       0x08000b61   Thumb Code   556  scanf_fp.o(.text)
    _sgetc                                   0x08000d99   Thumb Code    30  _sgetc.o(.text)
    _sbackspace                              0x08000db7   Thumb Code    34  _sgetc.o(.text)
    __ctype_lookup                           0x08000dd9   Thumb Code    34  ctype_c.o(.text)
    __aeabi_ul2d                             0x08000e01   Thumb Code    24  dfltul.o(.text)
    ADC1_2_IRQHandler                        0x08000e19   Thumb Code    18  stm32f1xx_it.o(i.ADC1_2_IRQHandler)
    ADC_ConversionStop_Disable               0x08000e35   Thumb Code    86  stm32f1xx_hal_adc.o(i.ADC_ConversionStop_Disable)
    ADC_Enable                               0x08000e8d   Thumb Code   114  stm32f1xx_hal_adc.o(i.ADC_Enable)
    AS5600_GetRawAngle                       0x08000f09   Thumb Code    42  as5600.o(i.AS5600_GetRawAngle)
    AS5600_Update                            0x08000f35   Thumb Code   178  as5600.o(i.AS5600_Update)
    BusFault_Handler                         0x08001001   Thumb Code     2  stm32f1xx_it.o(i.BusFault_Handler)
    DebugMon_Handler                         0x08001003   Thumb Code     2  stm32f1xx_it.o(i.DebugMon_Handler)
    Error_Handler                            0x08001005   Thumb Code     4  main.o(i.Error_Handler)
    HAL_ADCEx_Calibration_Start              0x08001009   Thumb Code   210  stm32f1xx_hal_adc_ex.o(i.HAL_ADCEx_Calibration_Start)
    HAL_ADCEx_InjectedConfigChannel          0x080010e1   Thumb Code   462  stm32f1xx_hal_adc_ex.o(i.HAL_ADCEx_InjectedConfigChannel)
    HAL_ADCEx_InjectedConvCpltCallback       0x080012bd   Thumb Code    60  main.o(i.HAL_ADCEx_InjectedConvCpltCallback)
    HAL_ADCEx_InjectedGetValue               0x08001309   Thumb Code    30  stm32f1xx_hal_adc_ex.o(i.HAL_ADCEx_InjectedGetValue)
    HAL_ADCEx_InjectedStart                  0x08001329   Thumb Code   160  stm32f1xx_hal_adc_ex.o(i.HAL_ADCEx_InjectedStart)
    HAL_ADCEx_InjectedStart_IT               0x080013d1   Thumb Code   170  stm32f1xx_hal_adc_ex.o(i.HAL_ADCEx_InjectedStart_IT)
    HAL_ADCEx_MultiModeConfigChannel         0x08001485   Thumb Code   102  stm32f1xx_hal_adc_ex.o(i.HAL_ADCEx_MultiModeConfigChannel)
    HAL_ADC_ConvCpltCallback                 0x080014f5   Thumb Code     2  stm32f1xx_hal_adc.o(i.HAL_ADC_ConvCpltCallback)
    HAL_ADC_IRQHandler                       0x080014f7   Thumb Code   220  stm32f1xx_hal_adc.o(i.HAL_ADC_IRQHandler)
    HAL_ADC_Init                             0x080015d5   Thumb Code   272  stm32f1xx_hal_adc.o(i.HAL_ADC_Init)
    HAL_ADC_LevelOutOfWindowCallback         0x080016f1   Thumb Code     2  stm32f1xx_hal_adc.o(i.HAL_ADC_LevelOutOfWindowCallback)
    HAL_ADC_MspInit                          0x080016f5   Thumb Code   134  adc.o(i.HAL_ADC_MspInit)
    HAL_DMA_Abort                            0x0800178d   Thumb Code    70  stm32f1xx_hal_dma.o(i.HAL_DMA_Abort)
    HAL_DMA_Abort_IT                         0x080017d5   Thumb Code   148  stm32f1xx_hal_dma.o(i.HAL_DMA_Abort_IT)
    HAL_Delay                                0x0800186d   Thumb Code    32  stm32f1xx_hal.o(i.HAL_Delay)
    HAL_GPIO_Init                            0x08001891   Thumb Code   446  stm32f1xx_hal_gpio.o(i.HAL_GPIO_Init)
    HAL_GPIO_WritePin                        0x08001a71   Thumb Code    10  stm32f1xx_hal_gpio.o(i.HAL_GPIO_WritePin)
    HAL_GetTick                              0x08001a7d   Thumb Code     6  stm32f1xx_hal.o(i.HAL_GetTick)
    HAL_I2C_Init                             0x08001a89   Thumb Code   376  stm32f1xx_hal_i2c.o(i.HAL_I2C_Init)
    HAL_I2C_Master_Receive                   0x08001c11   Thumb Code   576  stm32f1xx_hal_i2c.o(i.HAL_I2C_Master_Receive)
    HAL_I2C_Master_Transmit                  0x08001e61   Thumb Code   290  stm32f1xx_hal_i2c.o(i.HAL_I2C_Master_Transmit)
    HAL_I2C_MspInit                          0x08001f8d   Thumb Code    80  i2c.o(i.HAL_I2C_MspInit)
    HAL_IncTick                              0x08001fe9   Thumb Code    12  stm32f1xx_hal.o(i.HAL_IncTick)
    HAL_Init                                 0x08001ff9   Thumb Code    32  stm32f1xx_hal.o(i.HAL_Init)
    HAL_InitTick                             0x0800201d   Thumb Code    54  stm32f1xx_hal.o(i.HAL_InitTick)
    HAL_MspInit                              0x0800205d   Thumb Code    52  stm32f1xx_hal_msp.o(i.HAL_MspInit)
    HAL_NVIC_EnableIRQ                       0x08002099   Thumb Code    26  stm32f1xx_hal_cortex.o(i.HAL_NVIC_EnableIRQ)
    HAL_NVIC_SetPriority                     0x080020b5   Thumb Code    60  stm32f1xx_hal_cortex.o(i.HAL_NVIC_SetPriority)
    HAL_NVIC_SetPriorityGrouping             0x080020f5   Thumb Code    26  stm32f1xx_hal_cortex.o(i.HAL_NVIC_SetPriorityGrouping)
    HAL_RCCEx_GetPeriphCLKFreq               0x08002119   Thumb Code   148  stm32f1xx_hal_rcc_ex.o(i.HAL_RCCEx_GetPeriphCLKFreq)
    HAL_RCCEx_PeriphCLKConfig                0x080021bd   Thumb Code   224  stm32f1xx_hal_rcc_ex.o(i.HAL_RCCEx_PeriphCLKConfig)
    HAL_RCC_ClockConfig                      0x080022a9   Thumb Code   280  stm32f1xx_hal_rcc.o(i.HAL_RCC_ClockConfig)
    HAL_RCC_GetPCLK1Freq                     0x080023d5   Thumb Code    20  stm32f1xx_hal_rcc.o(i.HAL_RCC_GetPCLK1Freq)
    HAL_RCC_GetPCLK2Freq                     0x080023f5   Thumb Code    20  stm32f1xx_hal_rcc.o(i.HAL_RCC_GetPCLK2Freq)
    HAL_RCC_GetSysClockFreq                  0x08002415   Thumb Code    58  stm32f1xx_hal_rcc.o(i.HAL_RCC_GetSysClockFreq)
    HAL_RCC_OscConfig                        0x08002461   Thumb Code   778  stm32f1xx_hal_rcc.o(i.HAL_RCC_OscConfig)
    HAL_SYSTICK_Config                       0x08002781   Thumb Code    40  stm32f1xx_hal_cortex.o(i.HAL_SYSTICK_Config)
    HAL_TIMEx_BreakCallback                  0x080027a9   Thumb Code     2  stm32f1xx_hal_tim_ex.o(i.HAL_TIMEx_BreakCallback)
    HAL_TIMEx_CommutCallback                 0x080027ab   Thumb Code     2  stm32f1xx_hal_tim_ex.o(i.HAL_TIMEx_CommutCallback)
    HAL_TIMEx_ConfigBreakDeadTime            0x080027ad   Thumb Code    84  stm32f1xx_hal_tim_ex.o(i.HAL_TIMEx_ConfigBreakDeadTime)
    HAL_TIMEx_MasterConfigSynchronization    0x08002801   Thumb Code    92  stm32f1xx_hal_tim_ex.o(i.HAL_TIMEx_MasterConfigSynchronization)
    HAL_TIM_Base_Init                        0x08002869   Thumb Code    90  stm32f1xx_hal_tim.o(i.HAL_TIM_Base_Init)
    HAL_TIM_Base_MspInit                     0x080028c5   Thumb Code    72  tim.o(i.HAL_TIM_Base_MspInit)
    HAL_TIM_Base_Start                       0x08002915   Thumb Code    66  stm32f1xx_hal_tim.o(i.HAL_TIM_Base_Start)
    HAL_TIM_ConfigClockSource                0x08002965   Thumb Code   220  stm32f1xx_hal_tim.o(i.HAL_TIM_ConfigClockSource)
    HAL_TIM_IC_CaptureCallback               0x08002a41   Thumb Code     2  stm32f1xx_hal_tim.o(i.HAL_TIM_IC_CaptureCallback)
    HAL_TIM_IRQHandler                       0x08002a43   Thumb Code   304  stm32f1xx_hal_tim.o(i.HAL_TIM_IRQHandler)
    HAL_TIM_MspPostInit                      0x08002b75   Thumb Code    64  tim.o(i.HAL_TIM_MspPostInit)
    HAL_TIM_OC_DelayElapsedCallback          0x08002bc1   Thumb Code     2  stm32f1xx_hal_tim.o(i.HAL_TIM_OC_DelayElapsedCallback)
    HAL_TIM_PWM_ConfigChannel                0x08002bc3   Thumb Code   204  stm32f1xx_hal_tim.o(i.HAL_TIM_PWM_ConfigChannel)
    HAL_TIM_PWM_Init                         0x08002c8f   Thumb Code    90  stm32f1xx_hal_tim.o(i.HAL_TIM_PWM_Init)
    HAL_TIM_PWM_MspInit                      0x08002ce9   Thumb Code     2  stm32f1xx_hal_tim.o(i.HAL_TIM_PWM_MspInit)
    HAL_TIM_PWM_PulseFinishedCallback        0x08002ceb   Thumb Code     2  stm32f1xx_hal_tim.o(i.HAL_TIM_PWM_PulseFinishedCallback)
    HAL_TIM_PWM_Start                        0x08002ced   Thumb Code   144  stm32f1xx_hal_tim.o(i.HAL_TIM_PWM_Start)
    HAL_TIM_PeriodElapsedCallback            0x08002d89   Thumb Code    14  main.o(i.HAL_TIM_PeriodElapsedCallback)
    HAL_TIM_TriggerCallback                  0x08002da1   Thumb Code     2  stm32f1xx_hal_tim.o(i.HAL_TIM_TriggerCallback)
    HAL_UARTEx_RxEventCallback               0x08002da3   Thumb Code     2  stm32f1xx_hal_uart.o(i.HAL_UARTEx_RxEventCallback)
    HAL_UART_ErrorCallback                   0x08002da5   Thumb Code     2  stm32f1xx_hal_uart.o(i.HAL_UART_ErrorCallback)
    HAL_UART_IRQHandler                      0x08002da9   Thumb Code   616  stm32f1xx_hal_uart.o(i.HAL_UART_IRQHandler)
    HAL_UART_Init                            0x08003015   Thumb Code   100  stm32f1xx_hal_uart.o(i.HAL_UART_Init)
    HAL_UART_MspInit                         0x08003079   Thumb Code   116  usart.o(i.HAL_UART_MspInit)
    HAL_UART_Receive_IT                      0x080030f9   Thumb Code    28  stm32f1xx_hal_uart.o(i.HAL_UART_Receive_IT)
    HAL_UART_RxCpltCallback                  0x08003115   Thumb Code    96  main.o(i.HAL_UART_RxCpltCallback)
    HAL_UART_Transmit                        0x08003199   Thumb Code   160  stm32f1xx_hal_uart.o(i.HAL_UART_Transmit)
    HAL_UART_TxCpltCallback                  0x08003239   Thumb Code     2  stm32f1xx_hal_uart.o(i.HAL_UART_TxCpltCallback)
    HardFault_Handler                        0x0800323b   Thumb Code     2  stm32f1xx_it.o(i.HardFault_Handler)
    InlineCurrent_ADCToVoltage               0x08003661   Thumb Code    28  inlinecurrent.o(i.InlineCurrent_ADCToVoltage)
    InlineCurrent_CalibrateOffsets           0x08003689   Thumb Code   104  inlinecurrent.o(i.InlineCurrent_CalibrateOffsets)
    InlineCurrent_GetPhaseCurrents           0x080036fd   Thumb Code    58  inlinecurrent.o(i.InlineCurrent_GetPhaseCurrents)
    InlineCurrent_Init                       0x08003737   Thumb Code    46  inlinecurrent.o(i.InlineCurrent_Init)
    LowPassFilter_Update                     0x08003765   Thumb Code   118  lowpassfilter.o(i.LowPassFilter_Update)
    MX_ADC1_Init                             0x080037e9   Thumb Code   110  adc.o(i.MX_ADC1_Init)
    MX_ADC2_Init                             0x08003861   Thumb Code    86  adc.o(i.MX_ADC2_Init)
    MX_GPIO_Init                             0x080038c1   Thumb Code   140  gpio.o(i.MX_GPIO_Init)
    MX_I2C1_Init                             0x08003959   Thumb Code    50  i2c.o(i.MX_I2C1_Init)
    MX_TIM1_Init                             0x08003999   Thumb Code   226  tim.o(i.MX_TIM1_Init)
    MX_TIM2_Init                             0x08003a85   Thumb Code    98  tim.o(i.MX_TIM2_Init)
    MX_USART3_UART_Init                      0x08003aed   Thumb Code    48  usart.o(i.MX_USART3_UART_Init)
    MemManage_Handler                        0x08003b25   Thumb Code     2  stm32f1xx_it.o(i.MemManage_Handler)
    NMI_Handler                              0x08003b27   Thumb Code     2  stm32f1xx_it.o(i.NMI_Handler)
    PendSV_Handler                           0x08003b29   Thumb Code     2  stm32f1xx_it.o(i.PendSV_Handler)
    Pwm_Init                                 0x08003b2d   Thumb Code    30  foc.o(i.Pwm_Init)
    SVC_Handler                              0x08003b51   Thumb Code     2  stm32f1xx_it.o(i.SVC_Handler)
    SysTick_Handler                          0x08003b53   Thumb Code     4  stm32f1xx_it.o(i.SysTick_Handler)
    SystemClock_Config                       0x08003b57   Thumb Code   120  main.o(i.SystemClock_Config)
    SystemInit                               0x08003bcf   Thumb Code     2  system_stm32f1xx.o(i.SystemInit)
    TIM2_IRQHandler                          0x08003bd1   Thumb Code     6  stm32f1xx_it.o(i.TIM2_IRQHandler)
    TIM_Base_SetConfig                       0x08003bdd   Thumb Code   108  stm32f1xx_hal_tim.o(i.TIM_Base_SetConfig)
    TIM_CCxChannelCmd                        0x08003c55   Thumb Code    26  stm32f1xx_hal_tim.o(i.TIM_CCxChannelCmd)
    TIM_ETR_SetConfig                        0x08003c6f   Thumb Code    20  stm32f1xx_hal_tim.o(i.TIM_ETR_SetConfig)
    TIM_OC2_SetConfig                        0x08003ce5   Thumb Code    84  stm32f1xx_hal_tim.o(i.TIM_OC2_SetConfig)
    UART_Start_Receive_IT                    0x08003ff9   Thumb Code    54  stm32f1xx_hal_uart.o(i.UART_Start_Receive_IT)
    USART3_IRQHandler                        0x080040a1   Thumb Code     6  stm32f1xx_it.o(i.USART3_IRQHandler)
    UsageFault_Handler                       0x080040ad   Thumb Code     2  stm32f1xx_it.o(i.UsageFault_Handler)
    _ReadData                                0x080040af   Thumb Code    18  as5600.o(i._ReadData)
    _WriteData                               0x080040c1   Thumb Code    14  as5600.o(i._WriteData)
    __0printf                                0x080040d1   Thumb Code    22  printfa.o(i.__0printf)
    __1printf                                0x080040d1   Thumb Code     0  printfa.o(i.__0printf)
    __2printf                                0x080040d1   Thumb Code     0  printfa.o(i.__0printf)
    __c89printf                              0x080040d1   Thumb Code     0  printfa.o(i.__0printf)
    printf                                   0x080040d1   Thumb Code     0  printfa.o(i.__0printf)
    __read_errno                             0x08004111   Thumb Code     6  errno.o(i.__read_errno)
    __scatterload_copy                       0x0800411d   Thumb Code    14  handlers.o(i.__scatterload_copy)
    __scatterload_null                       0x0800412b   Thumb Code     2  handlers.o(i.__scatterload_null)
    __scatterload_zeroinit                   0x0800412d   Thumb Code    14  handlers.o(i.__scatterload_zeroinit)
    __set_errno                              0x0800413d   Thumb Code     6  errno.o(i.__set_errno)
    _is_digit                                0x080042cd   Thumb Code    14  scanf_fp.o(i._is_digit)
    atof                                     0x08004a0b   Thumb Code    42  atof.o(i.atof)
    fputc                                    0x08004a35   Thumb Code    20  main.o(i.fputc)
    main                                     0x08004a4d   Thumb Code   146  main.o(i.main)
    quick_phase_test                         0x08004b65   Thumb Code   222  main.o(i.quick_phase_test)
    setPwm                                   0x08004ce1   Thumb Code   228  foc.o(i.setPwm)
    AHBPrescTable                            0x08004e00   Data          16  system_stm32f1xx.o(.constdata)
    APBPrescTable                            0x08004e10   Data           8  system_stm32f1xx.o(.constdata)
    __ctype_categories                       0x08004e18   Data          64  ctype_c.o(.constdata)
    Region$$Table$$Base                      0x08004e58   Number         0  anon$$obj.o(Region$$Table)
    Region$$Table$$Limit                     0x08004e78   Number         0  anon$$obj.o(Region$$Table)
    PP                                       0x20000000   Data           4  foc.o(.data)
    DIR                                      0x20000004   Data           4  foc.o(.data)
    zero_electric_angle                      0x20000008   Data           4  foc.o(.data)
    voltage_power_supply                     0x2000000c   Data           4  foc.o(.data)
    Ubeta                                    0x20000010   Data           4  foc.o(.data)
    Ua                                       0x20000014   Data           4  foc.o(.data)
    Ub                                       0x20000018   Data           4  foc.o(.data)
    Uc                                       0x2000001c   Data           4  foc.o(.data)
    dc_a                                     0x20000020   Data           4  foc.o(.data)
    dc_b                                     0x20000024   Data           4  foc.o(.data)
    dc_c                                     0x20000028   Data           4  foc.o(.data)
    Ualpha                                   0x2000002c   Data           4  foc.o(.data)
    serial_motor_target                      0x20000030   Data           4  foc.o(.data)
    uart_rx_data                             0x20000035   Data           1  main.o(.data)
    uwTickFreq                               0x20000038   Data           1  stm32f1xx_hal.o(.data)
    uwTickPrio                               0x2000003c   Data           4  stm32f1xx_hal.o(.data)
    uwTick                                   0x20000040   Data           4  stm32f1xx_hal.o(.data)
    SystemCoreClock                          0x20000044   Data           4  system_stm32f1xx.o(.data)
    __stdout                                 0x20000048   Data           4  stdout.o(.data)
    AngleSensor                              0x20000050   Data          24  as5600.o(.bss)
    speedfilter                              0x20000068   Data          12  lowpassfilter.o(.bss)
    uart_rx_buffer                           0x20000074   Data          32  main.o(.bss)
    CurrentSensor                            0x20000094   Data          44  main.o(.bss)
    hadc1                                    0x200000c0   Data          48  adc.o(.bss)
    hadc2                                    0x200000f0   Data          48  adc.o(.bss)
    hi2c1                                    0x20000120   Data          84  i2c.o(.bss)
    htim1                                    0x20000174   Data          72  tim.o(.bss)
    htim2                                    0x200001bc   Data          72  tim.o(.bss)
    huart3                                   0x20000204   Data          72  usart.o(.bss)
    __initial_sp                             0x20000650   Data           0  startup_stm32f103xb.o(STACK)



==============================================================================

Memory Map of the image

  Image Entry point : 0x080000ed

  Load Region LR_IROM1 (Base: 0x08000000, Size: 0x00004ec8, Max: 0x00010000, ABSOLUTE)

    Execution Region ER_IROM1 (Exec base: 0x08000000, Load base: 0x08000000, Size: 0x00004e78, Max: 0x00010000, ABSOLUTE)

    Exec Addr    Load Addr    Size         Type   Attr      Idx    E Section Name        Object

    0x08000000   0x08000000   0x000000ec   Data   RO            3    RESET               startup_stm32f103xb.o
    0x080000ec   0x080000ec   0x00000000   Code   RO         3959  * .ARM.Collect$$$$00000000  mc_w.l(entry.o)
    0x080000ec   0x080000ec   0x00000004   Code   RO         4287    .ARM.Collect$$$$00000001  mc_w.l(entry2.o)
    0x080000f0   0x080000f0   0x00000004   Code   RO         4290    .ARM.Collect$$$$00000004  mc_w.l(entry5.o)
    0x080000f4   0x080000f4   0x00000000   Code   RO         4292    .ARM.Collect$$$$00000008  mc_w.l(entry7b.o)
    0x080000f4   0x080000f4   0x00000000   Code   RO         4294    .ARM.Collect$$$$0000000A  mc_w.l(entry8b.o)
    0x080000f4   0x080000f4   0x00000008   Code   RO         4295    .ARM.Collect$$$$0000000B  mc_w.l(entry9a.o)
    0x080000fc   0x080000fc   0x00000000   Code   RO         4297    .ARM.Collect$$$$0000000D  mc_w.l(entry10a.o)
    0x080000fc   0x080000fc   0x00000000   Code   RO         4299    .ARM.Collect$$$$0000000F  mc_w.l(entry11a.o)
    0x080000fc   0x080000fc   0x00000004   Code   RO         4288    .ARM.Collect$$$$00002712  mc_w.l(entry2.o)
    0x08000100   0x08000100   0x00000024   Code   RO            4    .text               startup_stm32f103xb.o
    0x08000124   0x08000124   0x00000020   Code   RO         3962    .text               mc_w.l(llushr.o)
    0x08000144   0x08000144   0x00000024   Code   RO         3964    .text               mc_w.l(memseta.o)
    0x08000168   0x08000168   0x000000b0   Code   RO         4227    .text               mf_w.l(fadd.o)
    0x08000218   0x08000218   0x00000064   Code   RO         4229    .text               mf_w.l(fmul.o)
    0x0800027c   0x0800027c   0x0000007c   Code   RO         4231    .text               mf_w.l(fdiv.o)
    0x080002f8   0x080002f8   0x00000018   Code   RO         4233    .text               mf_w.l(fscalb.o)
    0x08000310   0x08000310   0x0000014e   Code   RO         4235    .text               mf_w.l(dadd.o)
    0x0800045e   0x0800045e   0x000000e4   Code   RO         4237    .text               mf_w.l(dmul.o)
    0x08000542   0x08000542   0x0000000a   Code   RO         4243    .text               mf_w.l(ffltui.o)
    0x0800054c   0x0800054c   0x0000001a   Code   RO         4245    .text               mf_w.l(dfltui.o)
    0x08000566   0x08000566   0x00000028   Code   RO         4247    .text               mf_w.l(ffixui.o)
    0x0800058e   0x0800058e   0x00000032   Code   RO         4249    .text               mf_w.l(dfixui.o)
    0x080005c0   0x080005c0   0x00000026   Code   RO         4251    .text               mf_w.l(f2d.o)
    0x080005e6   0x080005e6   0x00000038   Code   RO         4253    .text               mf_w.l(d2f.o)
    0x0800061e   0x0800061e   0x00000002   PAD
    0x08000620   0x08000620   0x00000014   Code   RO         4257    .text               mf_w.l(cfrcmple.o)
    0x08000634   0x08000634   0x0000002c   Code   RO         4302    .text               mc_w.l(uidiv.o)
    0x08000660   0x08000660   0x00000062   Code   RO         4304    .text               mc_w.l(uldiv.o)
    0x080006c2   0x080006c2   0x0000001e   Code   RO         4306    .text               mc_w.l(llshl.o)
    0x080006e0   0x080006e0   0x00000024   Code   RO         4308    .text               mc_w.l(llsshr.o)
    0x08000704   0x08000704   0x0000009c   Code   RO         4317    .text               mc_w.l(strtod.o)
    0x080007a0   0x080007a0   0x00000000   Code   RO         4319    .text               mc_w.l(iusefp.o)
    0x080007a0   0x080007a0   0x0000006e   Code   RO         4320    .text               mf_w.l(fepilogue.o)
    0x0800080e   0x0800080e   0x000000ba   Code   RO         4322    .text               mf_w.l(depilogue.o)
    0x080008c8   0x080008c8   0x000000de   Code   RO         4324    .text               mf_w.l(ddiv.o)
    0x080009a6   0x080009a6   0x00000030   Code   RO         4330    .text               mf_w.l(dfixul.o)
    0x080009d6   0x080009d6   0x00000002   PAD
    0x080009d8   0x080009d8   0x00000030   Code   RO         4334    .text               mf_w.l(cdrcmple.o)
    0x08000a08   0x08000a08   0x00000024   Code   RO         4340    .text               mc_w.l(init.o)
    0x08000a2c   0x08000a2c   0x0000000a   Code   RO         4342    .text               mc_w.l(isspace_c.o)
    0x08000a36   0x08000a36   0x00000002   PAD
    0x08000a38   0x08000a38   0x00000360   Code   RO         4344    .text               mc_w.l(scanf_fp.o)
    0x08000d98   0x08000d98   0x00000040   Code   RO         4348    .text               mc_w.l(_sgetc.o)
    0x08000dd8   0x08000dd8   0x00000028   Code   RO         4354    .text               mc_w.l(ctype_c.o)
    0x08000e00   0x08000e00   0x00000018   Code   RO         4357    .text               mf_w.l(dfltul.o)
    0x08000e18   0x08000e18   0x0000001c   Code   RO          667    i.ADC1_2_IRQHandler  stm32f1xx_it.o
    0x08000e34   0x08000e34   0x00000056   Code   RO          862    i.ADC_ConversionStop_Disable  stm32f1xx_hal_adc.o
    0x08000e8a   0x08000e8a   0x00000002   PAD
    0x08000e8c   0x08000e8c   0x0000007c   Code   RO          866    i.ADC_Enable        stm32f1xx_hal_adc.o
    0x08000f08   0x08000f08   0x0000002a   Code   RO           16    i.AS5600_GetRawAngle  as5600.o
    0x08000f32   0x08000f32   0x00000002   PAD
    0x08000f34   0x08000f34   0x000000cc   Code   RO           19    i.AS5600_Update     as5600.o
    0x08001000   0x08001000   0x00000002   Code   RO          668    i.BusFault_Handler  stm32f1xx_it.o
    0x08001002   0x08001002   0x00000002   Code   RO          669    i.DebugMon_Handler  stm32f1xx_it.o
    0x08001004   0x08001004   0x00000004   Code   RO          374    i.Error_Handler     main.o
    0x08001008   0x08001008   0x000000d8   Code   RO         1042    i.HAL_ADCEx_Calibration_Start  stm32f1xx_hal_adc_ex.o
    0x080010e0   0x080010e0   0x000001dc   Code   RO         1043    i.HAL_ADCEx_InjectedConfigChannel  stm32f1xx_hal_adc_ex.o
    0x080012bc   0x080012bc   0x0000004c   Code   RO          375    i.HAL_ADCEx_InjectedConvCpltCallback  main.o
    0x08001308   0x08001308   0x0000001e   Code   RO         1045    i.HAL_ADCEx_InjectedGetValue  stm32f1xx_hal_adc_ex.o
    0x08001326   0x08001326   0x00000002   PAD
    0x08001328   0x08001328   0x000000a8   Code   RO         1047    i.HAL_ADCEx_InjectedStart  stm32f1xx_hal_adc_ex.o
    0x080013d0   0x080013d0   0x000000b4   Code   RO         1048    i.HAL_ADCEx_InjectedStart_IT  stm32f1xx_hal_adc_ex.o
    0x08001484   0x08001484   0x00000070   Code   RO         1051    i.HAL_ADCEx_MultiModeConfigChannel  stm32f1xx_hal_adc_ex.o
    0x080014f4   0x080014f4   0x00000002   Code   RO          869    i.HAL_ADC_ConvCpltCallback  stm32f1xx_hal_adc.o
    0x080014f6   0x080014f6   0x000000dc   Code   RO          876    i.HAL_ADC_IRQHandler  stm32f1xx_hal_adc.o
    0x080015d2   0x080015d2   0x00000002   PAD
    0x080015d4   0x080015d4   0x0000011c   Code   RO          877    i.HAL_ADC_Init      stm32f1xx_hal_adc.o
    0x080016f0   0x080016f0   0x00000002   Code   RO          878    i.HAL_ADC_LevelOutOfWindowCallback  stm32f1xx_hal_adc.o
    0x080016f2   0x080016f2   0x00000002   PAD
    0x080016f4   0x080016f4   0x00000098   Code   RO          482    i.HAL_ADC_MspInit   adc.o
    0x0800178c   0x0800178c   0x00000046   Code   RO         1519    i.HAL_DMA_Abort     stm32f1xx_hal_dma.o
    0x080017d2   0x080017d2   0x00000002   PAD
    0x080017d4   0x080017d4   0x00000098   Code   RO         1520    i.HAL_DMA_Abort_IT  stm32f1xx_hal_dma.o
    0x0800186c   0x0800186c   0x00000024   Code   RO         1145    i.HAL_Delay         stm32f1xx_hal.o
    0x08001890   0x08001890   0x000001e0   Code   RO         1455    i.HAL_GPIO_Init     stm32f1xx_hal_gpio.o
    0x08001a70   0x08001a70   0x0000000a   Code   RO         1459    i.HAL_GPIO_WritePin  stm32f1xx_hal_gpio.o
    0x08001a7a   0x08001a7a   0x00000002   PAD
    0x08001a7c   0x08001a7c   0x0000000c   Code   RO         1149    i.HAL_GetTick       stm32f1xx_hal.o
    0x08001a88   0x08001a88   0x00000188   Code   RO         2126    i.HAL_I2C_Init      stm32f1xx_hal_i2c.o
    0x08001c10   0x08001c10   0x00000250   Code   RO         2132    i.HAL_I2C_Master_Receive  stm32f1xx_hal_i2c.o
    0x08001e60   0x08001e60   0x0000012c   Code   RO         2139    i.HAL_I2C_Master_Transmit  stm32f1xx_hal_i2c.o
    0x08001f8c   0x08001f8c   0x0000005c   Code   RO          530    i.HAL_I2C_MspInit   i2c.o
    0x08001fe8   0x08001fe8   0x00000010   Code   RO         1155    i.HAL_IncTick       stm32f1xx_hal.o
    0x08001ff8   0x08001ff8   0x00000024   Code   RO         1156    i.HAL_Init          stm32f1xx_hal.o
    0x0800201c   0x0800201c   0x00000040   Code   RO         1157    i.HAL_InitTick      stm32f1xx_hal.o
    0x0800205c   0x0800205c   0x0000003c   Code   RO          760    i.HAL_MspInit       stm32f1xx_hal_msp.o
    0x08002098   0x08002098   0x0000001a   Code   RO         1615    i.HAL_NVIC_EnableIRQ  stm32f1xx_hal_cortex.o
    0x080020b2   0x080020b2   0x00000002   PAD
    0x080020b4   0x080020b4   0x00000040   Code   RO         1621    i.HAL_NVIC_SetPriority  stm32f1xx_hal_cortex.o
    0x080020f4   0x080020f4   0x00000024   Code   RO         1622    i.HAL_NVIC_SetPriorityGrouping  stm32f1xx_hal_cortex.o
    0x08002118   0x08002118   0x000000a4   Code   RO         1416    i.HAL_RCCEx_GetPeriphCLKFreq  stm32f1xx_hal_rcc_ex.o
    0x080021bc   0x080021bc   0x000000ec   Code   RO         1417    i.HAL_RCCEx_PeriphCLKConfig  stm32f1xx_hal_rcc_ex.o
    0x080022a8   0x080022a8   0x0000012c   Code   RO         1313    i.HAL_RCC_ClockConfig  stm32f1xx_hal_rcc.o
    0x080023d4   0x080023d4   0x00000020   Code   RO         1320    i.HAL_RCC_GetPCLK1Freq  stm32f1xx_hal_rcc.o
    0x080023f4   0x080023f4   0x00000020   Code   RO         1321    i.HAL_RCC_GetPCLK2Freq  stm32f1xx_hal_rcc.o
    0x08002414   0x08002414   0x0000004c   Code   RO         1322    i.HAL_RCC_GetSysClockFreq  stm32f1xx_hal_rcc.o
    0x08002460   0x08002460   0x00000320   Code   RO         1325    i.HAL_RCC_OscConfig  stm32f1xx_hal_rcc.o
    0x08002780   0x08002780   0x00000028   Code   RO         1626    i.HAL_SYSTICK_Config  stm32f1xx_hal_cortex.o
    0x080027a8   0x080027a8   0x00000002   Code   RO         3258    i.HAL_TIMEx_BreakCallback  stm32f1xx_hal_tim_ex.o
    0x080027aa   0x080027aa   0x00000002   Code   RO         3259    i.HAL_TIMEx_CommutCallback  stm32f1xx_hal_tim_ex.o
    0x080027ac   0x080027ac   0x00000054   Code   RO         3261    i.HAL_TIMEx_ConfigBreakDeadTime  stm32f1xx_hal_tim_ex.o
    0x08002800   0x08002800   0x00000068   Code   RO         3277    i.HAL_TIMEx_MasterConfigSynchronization  stm32f1xx_hal_tim_ex.o
    0x08002868   0x08002868   0x0000005a   Code   RO         2554    i.HAL_TIM_Base_Init  stm32f1xx_hal_tim.o
    0x080028c2   0x080028c2   0x00000002   PAD
    0x080028c4   0x080028c4   0x00000050   Code   RO          572    i.HAL_TIM_Base_MspInit  tim.o
    0x08002914   0x08002914   0x00000050   Code   RO         2557    i.HAL_TIM_Base_Start  stm32f1xx_hal_tim.o
    0x08002964   0x08002964   0x000000dc   Code   RO         2563    i.HAL_TIM_ConfigClockSource  stm32f1xx_hal_tim.o
    0x08002a40   0x08002a40   0x00000002   Code   RO         2588    i.HAL_TIM_IC_CaptureCallback  stm32f1xx_hal_tim.o
    0x08002a42   0x08002a42   0x00000130   Code   RO         2602    i.HAL_TIM_IRQHandler  stm32f1xx_hal_tim.o
    0x08002b72   0x08002b72   0x00000002   PAD
    0x08002b74   0x08002b74   0x0000004c   Code   RO          573    i.HAL_TIM_MspPostInit  tim.o
    0x08002bc0   0x08002bc0   0x00000002   Code   RO         2605    i.HAL_TIM_OC_DelayElapsedCallback  stm32f1xx_hal_tim.o
    0x08002bc2   0x08002bc2   0x000000cc   Code   RO         2626    i.HAL_TIM_PWM_ConfigChannel  stm32f1xx_hal_tim.o
    0x08002c8e   0x08002c8e   0x0000005a   Code   RO         2629    i.HAL_TIM_PWM_Init  stm32f1xx_hal_tim.o
    0x08002ce8   0x08002ce8   0x00000002   Code   RO         2631    i.HAL_TIM_PWM_MspInit  stm32f1xx_hal_tim.o
    0x08002cea   0x08002cea   0x00000002   Code   RO         2632    i.HAL_TIM_PWM_PulseFinishedCallback  stm32f1xx_hal_tim.o
    0x08002cec   0x08002cec   0x0000009c   Code   RO         2634    i.HAL_TIM_PWM_Start  stm32f1xx_hal_tim.o
    0x08002d88   0x08002d88   0x00000018   Code   RO          376    i.HAL_TIM_PeriodElapsedCallback  main.o
    0x08002da0   0x08002da0   0x00000002   Code   RO         2645    i.HAL_TIM_TriggerCallback  stm32f1xx_hal_tim.o
    0x08002da2   0x08002da2   0x00000002   Code   RO         3537    i.HAL_UARTEx_RxEventCallback  stm32f1xx_hal_uart.o
    0x08002da4   0x08002da4   0x00000002   Code   RO         3551    i.HAL_UART_ErrorCallback  stm32f1xx_hal_uart.o
    0x08002da6   0x08002da6   0x00000002   PAD
    0x08002da8   0x08002da8   0x0000026c   Code   RO         3554    i.HAL_UART_IRQHandler  stm32f1xx_hal_uart.o
    0x08003014   0x08003014   0x00000064   Code   RO         3555    i.HAL_UART_Init     stm32f1xx_hal_uart.o
    0x08003078   0x08003078   0x00000080   Code   RO          626    i.HAL_UART_MspInit  usart.o
    0x080030f8   0x080030f8   0x0000001c   Code   RO         3560    i.HAL_UART_Receive_IT  stm32f1xx_hal_uart.o
    0x08003114   0x08003114   0x00000084   Code   RO          377    i.HAL_UART_RxCpltCallback  main.o
    0x08003198   0x08003198   0x000000a0   Code   RO         3563    i.HAL_UART_Transmit  stm32f1xx_hal_uart.o
    0x08003238   0x08003238   0x00000002   Code   RO         3566    i.HAL_UART_TxCpltCallback  stm32f1xx_hal_uart.o
    0x0800323a   0x0800323a   0x00000002   Code   RO          670    i.HardFault_Handler  stm32f1xx_it.o
    0x0800323c   0x0800323c   0x0000002e   Code   RO         2169    i.I2C_IsAcknowledgeFailed  stm32f1xx_hal_i2c.o
    0x0800326a   0x0800326a   0x00000002   PAD
    0x0800326c   0x0800326c   0x000000ec   Code   RO         2172    i.I2C_MasterRequestRead  stm32f1xx_hal_i2c.o
    0x08003358   0x08003358   0x0000009c   Code   RO         2173    i.I2C_MasterRequestWrite  stm32f1xx_hal_i2c.o
    0x080033f4   0x080033f4   0x00000056   Code   RO         2184    i.I2C_WaitOnBTFFlagUntilTimeout  stm32f1xx_hal_i2c.o
    0x0800344a   0x0800344a   0x00000002   PAD
    0x0800344c   0x0800344c   0x00000090   Code   RO         2185    i.I2C_WaitOnFlagUntilTimeout  stm32f1xx_hal_i2c.o
    0x080034dc   0x080034dc   0x000000bc   Code   RO         2186    i.I2C_WaitOnMasterAddressFlagUntilTimeout  stm32f1xx_hal_i2c.o
    0x08003598   0x08003598   0x00000070   Code   RO         2187    i.I2C_WaitOnRXNEFlagUntilTimeout  stm32f1xx_hal_i2c.o
    0x08003608   0x08003608   0x00000056   Code   RO         2188    i.I2C_WaitOnTXEFlagUntilTimeout  stm32f1xx_hal_i2c.o
    0x0800365e   0x0800365e   0x00000002   PAD
    0x08003660   0x08003660   0x00000028   Code   RO          784    i.InlineCurrent_ADCToVoltage  inlinecurrent.o
    0x08003688   0x08003688   0x00000074   Code   RO          785    i.InlineCurrent_CalibrateOffsets  inlinecurrent.o
    0x080036fc   0x080036fc   0x0000003a   Code   RO          786    i.InlineCurrent_GetPhaseCurrents  inlinecurrent.o
    0x08003736   0x08003736   0x0000002e   Code   RO          787    i.InlineCurrent_Init  inlinecurrent.o
    0x08003764   0x08003764   0x00000084   Code   RO          307    i.LowPassFilter_Update  lowpassfilter.o
    0x080037e8   0x080037e8   0x00000078   Code   RO          483    i.MX_ADC1_Init      adc.o
    0x08003860   0x08003860   0x00000060   Code   RO          484    i.MX_ADC2_Init      adc.o
    0x080038c0   0x080038c0   0x00000098   Code   RO          457    i.MX_GPIO_Init      gpio.o
    0x08003958   0x08003958   0x00000040   Code   RO          531    i.MX_I2C1_Init      i2c.o
    0x08003998   0x08003998   0x000000ec   Code   RO          574    i.MX_TIM1_Init      tim.o
    0x08003a84   0x08003a84   0x00000068   Code   RO          575    i.MX_TIM2_Init      tim.o
    0x08003aec   0x08003aec   0x00000038   Code   RO          627    i.MX_USART3_UART_Init  usart.o
    0x08003b24   0x08003b24   0x00000002   Code   RO          671    i.MemManage_Handler  stm32f1xx_it.o
    0x08003b26   0x08003b26   0x00000002   Code   RO          672    i.NMI_Handler       stm32f1xx_it.o
    0x08003b28   0x08003b28   0x00000002   Code   RO          673    i.PendSV_Handler    stm32f1xx_it.o
    0x08003b2a   0x08003b2a   0x00000002   PAD
    0x08003b2c   0x08003b2c   0x00000024   Code   RO          230    i.Pwm_Init          foc.o
    0x08003b50   0x08003b50   0x00000002   Code   RO          674    i.SVC_Handler       stm32f1xx_it.o
    0x08003b52   0x08003b52   0x00000004   Code   RO          675    i.SysTick_Handler   stm32f1xx_it.o
    0x08003b56   0x08003b56   0x00000078   Code   RO          378    i.SystemClock_Config  main.o
    0x08003bce   0x08003bce   0x00000002   Code   RO         3889    i.SystemInit        system_stm32f1xx.o
    0x08003bd0   0x08003bd0   0x0000000c   Code   RO          676    i.TIM2_IRQHandler   stm32f1xx_it.o
    0x08003bdc   0x08003bdc   0x00000078   Code   RO         2647    i.TIM_Base_SetConfig  stm32f1xx_hal_tim.o
    0x08003c54   0x08003c54   0x0000001a   Code   RO         2648    i.TIM_CCxChannelCmd  stm32f1xx_hal_tim.o
    0x08003c6e   0x08003c6e   0x00000014   Code   RO         2658    i.TIM_ETR_SetConfig  stm32f1xx_hal_tim.o
    0x08003c82   0x08003c82   0x00000010   Code   RO         2659    i.TIM_ITRx_SetConfig  stm32f1xx_hal_tim.o
    0x08003c92   0x08003c92   0x00000002   PAD
    0x08003c94   0x08003c94   0x00000050   Code   RO         2660    i.TIM_OC1_SetConfig  stm32f1xx_hal_tim.o
    0x08003ce4   0x08003ce4   0x00000058   Code   RO         2661    i.TIM_OC2_SetConfig  stm32f1xx_hal_tim.o
    0x08003d3c   0x08003d3c   0x00000058   Code   RO         2662    i.TIM_OC3_SetConfig  stm32f1xx_hal_tim.o
    0x08003d94   0x08003d94   0x00000044   Code   RO         2663    i.TIM_OC4_SetConfig  stm32f1xx_hal_tim.o
    0x08003dd8   0x08003dd8   0x00000022   Code   RO         2665    i.TIM_TI1_ConfigInputStage  stm32f1xx_hal_tim.o
    0x08003dfa   0x08003dfa   0x00000024   Code   RO         2667    i.TIM_TI2_ConfigInputStage  stm32f1xx_hal_tim.o
    0x08003e1e   0x08003e1e   0x00000010   Code   RO         3568    i.UART_DMAAbortOnError  stm32f1xx_hal_uart.o
    0x08003e2e   0x08003e2e   0x0000004e   Code   RO         3578    i.UART_EndRxTransfer  stm32f1xx_hal_uart.o
    0x08003e7c   0x08003e7c   0x000000c2   Code   RO         3580    i.UART_Receive_IT   stm32f1xx_hal_uart.o
    0x08003f3e   0x08003f3e   0x00000002   PAD
    0x08003f40   0x08003f40   0x000000b8   Code   RO         3581    i.UART_SetConfig    stm32f1xx_hal_uart.o
    0x08003ff8   0x08003ff8   0x00000036   Code   RO         3583    i.UART_Start_Receive_IT  stm32f1xx_hal_uart.o
    0x0800402e   0x0800402e   0x00000072   Code   RO         3584    i.UART_WaitOnFlagUntilTimeout  stm32f1xx_hal_uart.o
    0x080040a0   0x080040a0   0x0000000c   Code   RO          677    i.USART3_IRQHandler  stm32f1xx_it.o
    0x080040ac   0x080040ac   0x00000002   Code   RO          678    i.UsageFault_Handler  stm32f1xx_it.o
    0x080040ae   0x080040ae   0x00000012   Code   RO           20    i._ReadData         as5600.o
    0x080040c0   0x080040c0   0x0000000e   Code   RO           21    i._WriteData        as5600.o
    0x080040ce   0x080040ce   0x00000002   PAD
    0x080040d0   0x080040d0   0x00000020   Code   RO         4199    i.__0printf         mc_w.l(printfa.o)
    0x080040f0   0x080040f0   0x00000020   Code   RO         1628    i.__NVIC_SetPriority  stm32f1xx_hal_cortex.o
    0x08004110   0x08004110   0x0000000c   Code   RO         4311    i.__read_errno      mc_w.l(errno.o)
    0x0800411c   0x0800411c   0x0000000e   Code   RO         4361    i.__scatterload_copy  mc_w.l(handlers.o)
    0x0800412a   0x0800412a   0x00000002   Code   RO         4362    i.__scatterload_null  mc_w.l(handlers.o)
    0x0800412c   0x0800412c   0x0000000e   Code   RO         4363    i.__scatterload_zeroinit  mc_w.l(handlers.o)
    0x0800413a   0x0800413a   0x00000002   PAD
    0x0800413c   0x0800413c   0x0000000c   Code   RO         4312    i.__set_errno       mc_w.l(errno.o)
    0x08004148   0x08004148   0x00000184   Code   RO         4206    i._fp_digits        mc_w.l(printfa.o)
    0x080042cc   0x080042cc   0x0000000e   Code   RO         4346    i._is_digit         mc_w.l(scanf_fp.o)
    0x080042da   0x080042da   0x00000002   PAD
    0x080042dc   0x080042dc   0x000006dc   Code   RO         4207    i._printf_core      mc_w.l(printfa.o)
    0x080049b8   0x080049b8   0x00000024   Code   RO         4208    i._printf_post_padding  mc_w.l(printfa.o)
    0x080049dc   0x080049dc   0x0000002e   Code   RO         4209    i._printf_pre_padding  mc_w.l(printfa.o)
    0x08004a0a   0x08004a0a   0x0000002a   Code   RO         3924    i.atof              m_ws.l(atof.o)
    0x08004a34   0x08004a34   0x00000018   Code   RO          380    i.fputc             main.o
    0x08004a4c   0x08004a4c   0x00000118   Code   RO          381    i.main              main.o
    0x08004b64   0x08004b64   0x0000017c   Code   RO          382    i.quick_phase_test  main.o
    0x08004ce0   0x08004ce0   0x000000fc   Code   RO          233    i.setPwm            foc.o
    0x08004ddc   0x08004ddc   0x00000012   Data   RO         1326    .constdata          stm32f1xx_hal_rcc.o
    0x08004dee   0x08004dee   0x00000012   Data   RO         1418    .constdata          stm32f1xx_hal_rcc_ex.o
    0x08004e00   0x08004e00   0x00000010   Data   RO         3890    .constdata          system_stm32f1xx.o
    0x08004e10   0x08004e10   0x00000008   Data   RO         3891    .constdata          system_stm32f1xx.o
    0x08004e18   0x08004e18   0x00000040   Data   RO         4355    .constdata          mc_w.l(ctype_c.o)
    0x08004e58   0x08004e58   0x00000020   Data   RO         4359    Region$$Table       anon$$obj.o


    Execution Region RW_IRAM1 (Exec base: 0x20000000, Load base: 0x08004e78, Size: 0x00000650, Max: 0x00005000, ABSOLUTE)

    Exec Addr    Load Addr    Size         Type   Attr      Idx    E Section Name        Object

    0x20000000   0x08004e78   0x00000030   Data   RW          237    .data               foc.o
    0x20000030   0x08004ea8   0x00000004   Data   RW          238    .data               foc.o
    0x20000034   0x08004eac   0x00000002   Data   RW          385    .data               main.o
    0x20000036   0x08004eae   0x00000002   PAD
    0x20000038   0x08004eb0   0x0000000c   Data   RW         1163    .data               stm32f1xx_hal.o
    0x20000044   0x08004ebc   0x00000004   Data   RW         3892    .data               system_stm32f1xx.o
    0x20000048   0x08004ec0   0x00000004   Data   RW         4301    .data               mc_w.l(stdout.o)
    0x2000004c   0x08004ec4   0x00000004   Data   RW         4313    .data               mc_w.l(errno.o)
    0x20000050        -       0x00000018   Zero   RW           22    .bss                as5600.o
    0x20000068        -       0x0000000c   Zero   RW          308    .bss                lowpassfilter.o
    0x20000074        -       0x0000004c   Zero   RW          383    .bss                main.o
    0x200000c0        -       0x00000060   Zero   RW          485    .bss                adc.o
    0x20000120        -       0x00000054   Zero   RW          532    .bss                i2c.o
    0x20000174        -       0x00000090   Zero   RW          576    .bss                tim.o
    0x20000204        -       0x00000048   Zero   RW          628    .bss                usart.o
    0x2000024c   0x08004ec8   0x00000004   PAD
    0x20000250        -       0x00000400   Zero   RW            1    STACK               startup_stm32f103xb.o


==============================================================================

Image component sizes


      Code (inc. data)   RO Data    RW Data    ZI Data      Debug   Object Name

       368         38          0          0         96       2306   adc.o
       278         26          0          0         24     459674   as5600.o
       288         30          0         52          0       1943   foc.o
       152         12          0          0          0        875   gpio.o
       156         26          0          0         84       1533   i2c.o
       260         24          0          0          0       2892   inlinecurrent.o
       132         14          0          0         12       1669   lowpassfilter.o
      1040        358          0          2         76       5838   main.o
        36          8        236          0       1024        780   startup_stm32f103xb.o
       164         28          0         12          0       5709   stm32f1xx_hal.o
       718         22          0          0          0       4816   stm32f1xx_hal_adc.o
      1182         48          0          0          0       5783   stm32f1xx_hal_adc_ex.o
       198         14          0          0          0      28791   stm32f1xx_hal_cortex.o
       222          4          0          0          0       1699   stm32f1xx_hal_dma.o
       490         34          0          0          0       2820   stm32f1xx_hal_gpio.o
      2338         54          0          0          0      12290   stm32f1xx_hal_i2c.o
        60          8          0          0          0        826   stm32f1xx_hal_msp.o
      1240         84         18          0          0       4968   stm32f1xx_hal_rcc.o
       400         28         18          0          0       2393   stm32f1xx_hal_rcc_ex.o
      1730         58          0          0          0      15563   stm32f1xx_hal_tim.o
       192         12          0          0          0       3069   stm32f1xx_hal_tim_ex.o
      1554         10          0          0          0      10620   stm32f1xx_hal_uart.o
        72         22          0          0          0       4924   stm32f1xx_it.o
         2          0         24          4          0       1047   system_stm32f1xx.o
       496         36          0          0        144       2949   tim.o
       184         20          0          0         72       1590   usart.o

    ----------------------------------------------------------------------
     13988       1018        328         72       1536     587367   Object Totals
         0          0         32          0          0          0   (incl. Generated)
        36          0          0          2          4          0   (incl. Padding)

    ----------------------------------------------------------------------

      Code (inc. data)   RO Data    RW Data    ZI Data      Debug   Library Member Name

        42          0          0          0          0         84   atof.o
        64          0          0          0          0         84   _sgetc.o
        40          6         64          0          0         68   ctype_c.o
         0          0          0          0          0          0   entry.o
         0          0          0          0          0          0   entry10a.o
         0          0          0          0          0          0   entry11a.o
         8          4          0          0          0          0   entry2.o
         4          0          0          0          0          0   entry5.o
         0          0          0          0          0          0   entry7b.o
         0          0          0          0          0          0   entry8b.o
         8          4          0          0          0          0   entry9a.o
        24         12          0          4          0        136   errno.o
        30          0          0          0          0          0   handlers.o
        36          8          0          0          0         68   init.o
        10          0          0          0          0         68   isspace_c.o
         0          0          0          0          0          0   iusefp.o
        30          0          0          0          0         68   llshl.o
        36          0          0          0          0         68   llsshr.o
        32          0          0          0          0         68   llushr.o
        36          0          0          0          0        108   memseta.o
      2258         90          0          0          0        452   printfa.o
       878         12          0          0          0        216   scanf_fp.o
         0          0          0          4          0          0   stdout.o
       156         12          0          0          0        120   strtod.o
        44          0          0          0          0         80   uidiv.o
        98          0          0          0          0         92   uldiv.o
        48          0          0          0          0         68   cdrcmple.o
        20          0          0          0          0         68   cfrcmple.o
        56          0          0          0          0         88   d2f.o
       334          0          0          0          0        148   dadd.o
       222          0          0          0          0        100   ddiv.o
       186          0          0          0          0        176   depilogue.o
        50          0          0          0          0         76   dfixui.o
        48          0          0          0          0         68   dfixul.o
        26          0          0          0          0         76   dfltui.o
        24          0          0          0          0         76   dfltul.o
       228          0          0          0          0         96   dmul.o
        38          0          0          0          0         68   f2d.o
       176          0          0          0          0        140   fadd.o
       124          0          0          0          0         88   fdiv.o
       110          0          0          0          0        168   fepilogue.o
        40          0          0          0          0         68   ffixui.o
        10          0          0          0          0         68   ffltui.o
       100          0          0          0          0         76   fmul.o
        24          0          0          0          0         68   fscalb.o

    ----------------------------------------------------------------------
      5708        148         64          8          0       3564   Library Totals
        10          0          0          0          0          0   (incl. Padding)

    ----------------------------------------------------------------------

      Code (inc. data)   RO Data    RW Data    ZI Data      Debug   Library Name

        42          0          0          0          0         84   m_ws.l
      3792        148         64          8          0       1696   mc_w.l
      1864          0          0          0          0       1784   mf_w.l

    ----------------------------------------------------------------------
      5708        148         64          8          0       3564   Library Totals

    ----------------------------------------------------------------------

==============================================================================


      Code (inc. data)   RO Data    RW Data    ZI Data      Debug   

     19696       1166        392         80       1536     582659   Grand Totals
     19696       1166        392         80       1536     582659   ELF Image Totals
     19696       1166        392         80          0          0   ROM Totals

==============================================================================

    Total RO  Size (Code + RO Data)                20088 (  19.62kB)
    Total RW  Size (RW Data + ZI Data)              1616 (   1.58kB)
    Total ROM Size (Code + RO Data + RW Data)      20168 (  19.70kB)

==============================================================================

